Microchip MPLAB XC8 Compiler V2.41

Linker command line:

-W-3 \
  --edf=C:/Users/larac/.mchp_packs/Microchip/PIC16F1xxxx_DFP/1.18.352/xc8\pic\dat\20230322162823_en.msgs \
  -cn -h+dist/default/debug\pingpong-EIT-main.debug.sym \
  --cmf=dist/default/debug\pingpong-EIT-main.debug.cmf -z -Q16F18345 \
  -oC:\Users\larac\AppData\Local\Temp\xcAshjc.\driver_tmp_3.o \
  --defsym=__MPLAB_BUILD=1 --fixupoverflow=error \
  -Mdist/default/debug/pingpong-EIT-main.debug.map \
  --md=C:\Users\larac\AppData\Local\Temp\xcAshjc.\driver_tmp_0.dat -E1 \
  -ver=XC8 Compiler --acfsm=1493 -ACODE=00h-07FFhx4 -ASTRCODE=00h-01FFFh \
  -ASTRING=00h-0FFhx32 -ACONST=00h-0FFhx32 -AENTRY=00h-0FFhx32 \
  -ACOMMON=070h-07Fh -ABANK0=020h-06Fh -ABANK1=0A0h-0EFh \
  -ABANK2=0120h-016Fh -ABANK3=01A0h-01EFh -ABANK4=0220h-026Fh \
  -ABANK5=02A0h-02EFh -ABANK6=0320h-036Fh -ABANK7=03A0h-03EFh \
  -ABANK8=0420h-046Fh -ABANK9=04A0h-04EFh -ABANK10=0520h-056Fh \
  -ABANK11=05A0h-05EFh -ABANK12=0620h-064Fh -ABIGRAM=02000h-023EFh \
  -ARAM=020h-06Fh,0A0h-0EFh,0120h-016Fh,01A0h-01EFh,0220h-026Fh,02A0h-02EFh,0320h-036Fh,03A0h-03EFh,0420h-046Fh,04A0h-04EFh,0520h-056Fh,05A0h-05EFh,0620h-064Fh \
  -AABS1=020h-07Fh,0A0h-0EFh,0120h-016Fh,01A0h-01EFh,0220h-026Fh,02A0h-02EFh,0320h-036Fh,03A0h-03EFh,0420h-046Fh,04A0h-04EFh,0520h-056Fh,05A0h-05EFh,0620h-064Fh \
  -ASFR0=00h-01Fh -ASFR1=080h-09Fh -ASFR2=0100h-011Fh -ASFR3=0180h-019Fh \
  -ASFR4=0200h-021Fh -ASFR5=0280h-029Fh -ASFR6=0300h-031Fh \
  -ASFR7=0380h-039Fh -ASFR8=0400h-041Fh -ASFR9=0480h-049Fh \
  -ASFR10=0500h-051Fh -ASFR11=0580h-059Fh -ASFR12=0600h-061Fh \
  -ASFR13=0680h-06EFh -ASFR14=0700h-076Fh -ASFR15=0780h-07EFh \
  -ASFR16=0800h-086Fh -ASFR17=0880h-08EFh -ASFR18=0900h-096Fh \
  -ASFR19=0980h-09EFh -ASFR20=0A00h-0A6Fh -ASFR21=0A80h-0AEFh \
  -ASFR22=0B00h-0B6Fh -ASFR23=0B80h-0BEFh -ASFR24=0C00h-0C6Fh \
  -ASFR25=0C80h-0CEFh -ASFR26=0D00h-0D6Fh -ASFR27=0D80h-0DEFh \
  -ASFR28=0E00h-0E6Fh -ASFR29=0E80h-0EEFh -ASFR30=0F00h-0F6Fh \
  -ASFR31=0F80h-0FEFh -ACONFIG=08007h-0800Ah -DCONFIG=2 \
  -AIDLOC=08000h-08003h -DIDLOC=2 -AEEDATA=00h-0FFh/0F000h \
  -peeprom_data=EEDATA -DEEDATA=2 -DCODE=2 -DSTRCODE=2 -DSTRING=2 -DCONST=2 \
  -DENTRY=2 -preset_vec=00h,intentry=04h,init,end_init -ppowerup=CODE \
  -pcinit=CODE -pfunctab=ENTRY -k \
  C:\Users\larac\AppData\Local\Temp\xcAshjc.\driver_tmp_20.o \
  dist/default/debug\pingpong-EIT-main.debug.o 

Object code version is 3.11

Machine type is 16F18345



                Name                               Link     Load   Length Selector   Space Scale
C:\Users\larac\AppData\Local\Temp\xcAshjc.\driver_tmp_20.o
                end_init                             3C       3C        2        8       0
                reset_vec                             0        0        3        0       0
                config                             8007     8007        4        0       4
dist/default/debug\pingpong-EIT-main.debug.o
                cinit                                3E       3E       39        8       0
                intentry                              4        4       38        8       0
                config                             8007     8007        4        0       4
                text90                             12ED     12ED        6     25DA       0
                text89                             13C9     13C9        D     2792       0
                text88                             1719     1719       39     2E32       0
                text87                             12C9     12C9        1     2592       0
                text86                             13FD     13FD        F     27FA       0
                text85                             14A1     14A1       19     2942       0
                text84                             12CD     12CD        4     259A       0
                text83                                3        3        1        0       0
                text82                             12D1     12D1        4     25A2       0
                text81                             1752     1752       39     2EA4       0
                text80                             15CF     15CF       22     2B9E       0
                text78                             14BA     14BA       19     2974       0
                text77                              2B2      2B2      208        8       0
                text76                             15F1     15F1       24     2BE2       0
                text75                               77       77      23B        8       0
                text74                              B15      B15       71     162A       0
                text73                              CB9      CB9       AB     1972       0
                text72                             1377     1377        B     26EE       0
                text71                             1382     1382        B     2704       0
                text70                              E20      E20       E8     1C40       0
                text69                             12F3     12F3        6     25E6       0
                text68                             144E     144E       12     289C       0
                text67                             12F9     12F9        6     25F2       0
                text66                             12FF     12FF        6     25FE       0
                text65                             1305     1305        6     260A       0
                text64                             130B     130B        6     2616       0
                text63                             1311     1311        6     2622       0
                text62                             17C4     17C4       3C     2F88       0
                text61                             138D     138D        C     271A       0
                text60                             178B     178B       39     2F16       0
                text59                             1323     1323        8     2646       0
                text58                             1399     1399        C     2732       0
                text57                             1460     1460       14     28C0       0
                text56                             1345     1345        A     268A       0
                text55                             132B     132B        8     2656       0
                text54                             134F     134F        A     269E       0
                text53                             1359     1359        A     26B2       0
                text52                             12D5     12D5        4     25AA       0
                text51                             1639     1639       25     2C72       0
                text50                             12D9     12D9        5     25B2       0
                text49                             13D6     13D6        D     27AC       0
                text48                             13E3     13E3        D     27C6       0
                text47                              800      800        B     1000       0
                text46                             13F0     13F0        D     27E0       0
                text45                             13A5     13A5        C     274A       0
                text44                              989      989       5F     1312       0
                text43                             12DE     12DE        5     25BC       0
                text42                             148A     148A       17     2914       0
                text41                             12E3     12E3        5     25C6       0
                text40                             142C     142C       11     2858       0
                text39                             143D     143D       11     287A       0
                text38                             12CA     12CA        3     2594       0
                text37                             1363     1363        A     26C6       0
                text36                             136D     136D        A     26DA       0
                text35                             12E8     12E8        5     25D0       0
                text34                             15AF     15AF       20     2B5E       0
                text33                              8D3      8D3       5B     11A6       0
                text32                              888      888       4B     1110       0
                text31                             165E     165E       27     2CBC       0
                text30                             14D3     14D3       1A     29A6       0
                text29                              A47      A47       62     148E       0
                text28                              80B      80B       3D     1016       0
                text27                             16AC     16AC       35     2D58       0
                text26                              7F9      7F9        7        8       0
                text25                              9E8      9E8       5F     13D0       0
                text24                             1685     1685       27     2D0A       0
                text23                             16E1     16E1       38     2DC2       0
                text22                              77D      77D       7C        8       0
                text21                              B86      B86       94     170C       0
                text20                             1591     1591       1E     2B22       0
                text19                             140C     140C       10     2818       0
                text18                              C1A      C1A       9F     1834       0
                text17                             1615     1615       24     2C2A       0
                text16                             1333     1333        9     2666       0
                text15                             133C     133C        9     2678       0
                text14                              92E      92E       5B     125C       0
                text13                              4BA      4BA      1AA        8       0
                text12                              F08      F08       F8     1E10       0
                text11                             1474     1474       16     28E8       0
                text10                              848      848       40     1090       0
                text9                              13B1     13B1        C     2762       0
                text8                              1521     1521       1B     2A42       0
                text7                              14ED     14ED       1A     29DA       0
                text6                              1507     1507       1A     2A0E       0
                text5                              153C     153C       1C     2A78       0
                text4                              1574     1574       1D     2AE8       0
                text3                              1558     1558       1C     2AB0       0
                text2                               664      664      119        8       0
                text1                               D64      D64       BC     1AC8       0
                maintext                            AA9      AA9       6C     1552       0
                cstackBANK0                          20       20       4F       20       1
                cstackCOMMON                         70       70        6       70       1
                cstackBANK1                          D3       D3       10       A0       1
                cstackBANK2                         15F      15F        4      120       1
                clrtext                            1317     1317        6     262E       0
                inittext                           131D     131D        6     263A       0
                bssBANK3                            1A0      1A0       20      1A0       1
                dataBANK2                           14F      14F       10      120       1
                bssBANK2                            120      120       2F      120       1
                dataBANK1                            E3       E3        C       A0       1
                bssBANK1                             A0       A0       33       A0       1
                bssBANK0                             6F       6F        1       20       1
                bssCOMMON                            76       76        4       70       1
                stringtext16                       18B4     18B4        2     3000       0
                stringtext15                       18B0     18B0        4     3000       0
                stringtext14                       18AC     18AC        4     3000       0
                stringtext13                       18A8     18A8        4     3000       0
                stringtext12                       18A3     18A3        5     3000       0
                stringtext11                       189C     189C        7     3000       0
                stringtext10                       1895     1895        7     3000       0
                stringtext9                        188C     188C        9     3000       0
                stringtext8                        1880     1880        C     3000       0
                stringtext7                        1873     1873        D     3000       0
                stringtext6                        1866     1866        D     3000       0
                stringtext5                        1859     1859        D     3000       0
                stringtext4                        184A     184A        F     3000       0
                stringtext3                        1820     1820       16     3000       0
                stringtext2                        1800     1800       20     3000       0
                stringtext1                        1836     1836       14     3000       0
                idataBANK2                         141C     141C       10     2838       0
                idataBANK1                         13BD     13BD        C     277A       0

TOTAL           Name                               Link     Load   Length     Space
        CLASS   CODE           
                end_init                             3C       3C        2         0
                cinit                                3E       3E       39         0
                intentry                              4        4       38         0
                reset_vec                             0        0        3         0
                text90                             12ED     12ED        6         0
                text89                             13C9     13C9        D         0
                text88                             1719     1719       39         0
                text87                             12C9     12C9        1         0
                text86                             13FD     13FD        F         0
                text85                             14A1     14A1       19         0
                text84                             12CD     12CD        4         0
                text83                                3        3        1         0
                text82                             12D1     12D1        4         0
                text81                             1752     1752       39         0
                text80                             15CF     15CF       22         0
                text78                             14BA     14BA       19         0
                text77                              2B2      2B2      208         0
                text76                             15F1     15F1       24         0
                text75                               77       77      23B         0
                text74                              B15      B15       71         0
                text73                              CB9      CB9       AB         0
                text72                             1377     1377        B         0
                text71                             1382     1382        B         0
                text70                              E20      E20       E8         0
                text69                             12F3     12F3        6         0
                text68                             144E     144E       12         0
                text67                             12F9     12F9        6         0
                text66                             12FF     12FF        6         0
                text65                             1305     1305        6         0
                text64                             130B     130B        6         0
                text63                             1311     1311        6         0
                text62                             17C4     17C4       3C         0
                text61                             138D     138D        C         0
                text60                             178B     178B       39         0
                text59                             1323     1323        8         0
                text58                             1399     1399        C         0
                text57                             1460     1460       14         0
                text56                             1345     1345        A         0
                text55                             132B     132B        8         0
                text54                             134F     134F        A         0
                text53                             1359     1359        A         0
                text52                             12D5     12D5        4         0
                text51                             1639     1639       25         0
                text50                             12D9     12D9        5         0
                text49                             13D6     13D6        D         0
                text48                             13E3     13E3        D         0
                text47                              800      800        B         0
                text46                             13F0     13F0        D         0
                text45                             13A5     13A5        C         0
                text44                              989      989       5F         0
                text43                             12DE     12DE        5         0
                text42                             148A     148A       17         0
                text41                             12E3     12E3        5         0
                text40                             142C     142C       11         0
                text39                             143D     143D       11         0
                text38                             12CA     12CA        3         0
                text37                             1363     1363        A         0
                text36                             136D     136D        A         0
                text35                             12E8     12E8        5         0
                text34                             15AF     15AF       20         0
                text33                              8D3      8D3       5B         0
                text32                              888      888       4B         0
                text31                             165E     165E       27         0
                text30                             14D3     14D3       1A         0
                text29                              A47      A47       62         0
                text28                              80B      80B       3D         0
                text27                             16AC     16AC       35         0
                text26                              7F9      7F9        7         0
                text25                              9E8      9E8       5F         0
                text24                             1685     1685       27         0
                text23                             16E1     16E1       38         0
                text22                              77D      77D       7C         0
                text21                              B86      B86       94         0
                text20                             1591     1591       1E         0
                text19                             140C     140C       10         0
                text18                              C1A      C1A       9F         0
                text17                             1615     1615       24         0
                text16                             1333     1333        9         0
                text15                             133C     133C        9         0
                text14                              92E      92E       5B         0
                text13                              4BA      4BA      1AA         0
                text12                              F08      F08       F8         0
                text11                             1474     1474       16         0
                text10                              848      848       40         0
                text9                              13B1     13B1        C         0
                text8                              1521     1521       1B         0
                text7                              14ED     14ED       1A         0
                text6                              1507     1507       1A         0
                text5                              153C     153C       1C         0
                text4                              1574     1574       1D         0
                text3                              1558     1558       1C         0
                text2                               664      664      119         0
                text1                               D64      D64       BC         0
                maintext                            AA9      AA9       6C         0
                clrtext                            1317     1317        6         0
                inittext                           131D     131D        6         0
                idataBANK2                         141C     141C       10         0
                idataBANK1                         13BD     13BD        C         0

        CLASS   STRCODE        
                stringtext16                       18B4     18B4        2         0
                stringtext15                       18B0     18B0        4         0
                stringtext14                       18AC     18AC        4         0
                stringtext13                       18A8     18A8        4         0
                stringtext12                       18A3     18A3        5         0
                stringtext11                       189C     189C        7         0
                stringtext10                       1895     1895        7         0
                stringtext9                        188C     188C        9         0
                stringtext8                        1880     1880        C         0
                stringtext7                        1873     1873        D         0
                stringtext6                        1866     1866        D         0
                stringtext5                        1859     1859        D         0
                stringtext4                        184A     184A        F         0
                stringtext3                        1820     1820       16         0
                stringtext2                        1800     1800       20         0
                stringtext1                        1836     1836       14         0

        CLASS   STRING         

        CLASS   CONST          

        CLASS   ENTRY          

        CLASS   COMMON         
                cstackCOMMON                         70       70        6         1
                bssCOMMON                            76       76        4         1

        CLASS   BANK0          
                cstackBANK0                          20       20       4F         1
                bssBANK0                             6F       6F        1         1

        CLASS   BANK1          
                cstackBANK1                          D3       D3       10         1
                dataBANK1                            E3       E3        C         1
                bssBANK1                             A0       A0       33         1

        CLASS   BANK2          
                cstackBANK2                         15F      15F        4         1
                dataBANK2                           14F      14F       10         1
                bssBANK2                            120      120       2F         1

        CLASS   BANK3          
                bssBANK3                            1A0      1A0       20         1

        CLASS   BANK4          

        CLASS   BANK5          

        CLASS   BANK6          

        CLASS   BANK7          

        CLASS   BANK8          

        CLASS   BANK9          

        CLASS   BANK10         

        CLASS   BANK11         

        CLASS   BANK12         

        CLASS   BIGRAM         

        CLASS   RAM            

        CLASS   ABS1           
                abs_s1                               7E       7E        2         1

        CLASS   SFR0           

        CLASS   SFR1           

        CLASS   SFR2           

        CLASS   SFR3           

        CLASS   SFR4           

        CLASS   SFR5           

        CLASS   SFR6           

        CLASS   SFR7           

        CLASS   SFR8           

        CLASS   SFR9           

        CLASS   SFR10          

        CLASS   SFR11          

        CLASS   SFR12          

        CLASS   SFR13          

        CLASS   SFR14          

        CLASS   SFR15          

        CLASS   SFR16          

        CLASS   SFR17          

        CLASS   SFR18          

        CLASS   SFR19          

        CLASS   SFR20          

        CLASS   SFR21          

        CLASS   SFR22          

        CLASS   SFR23          

        CLASS   SFR24          

        CLASS   SFR25          

        CLASS   SFR26          

        CLASS   SFR27          

        CLASS   SFR28          

        CLASS   SFR29          

        CLASS   SFR30          

        CLASS   SFR31          

        CLASS   CONFIG         
                config                             8007     8007        4         4

        CLASS   IDLOC          

        CLASS   EEDATA         

        CLASS   BANK31         

        CLASS   BANK30         

        CLASS   BANK29         

        CLASS   BANK28         

        CLASS   BANK27         

        CLASS   BANK26         

        CLASS   BANK25         

        CLASS   BANK24         

        CLASS   BANK23         

        CLASS   BANK22         

        CLASS   BANK21         

        CLASS   BANK20         

        CLASS   BANK19         

        CLASS   BANK18         

        CLASS   BANK17         

        CLASS   BANK16         

        CLASS   BANK15         

        CLASS   BANK14         

        CLASS   BANK13         

        CLASS   HEAP           

        CLASS   STACK          



SEGMENTS        Name                           Load    Length   Top    Selector   Space  Class     Delta

                reset_vec                      000000  000004  000004         0       0  CODE        2
                intentry                       000004  0007FC  000800         8       0  CODE        2
                cstackBANK0                    000020  000050  000070        20       1  BANK0       1
                cstackCOMMON                   000070  00000A  00007A        70       1  COMMON      1
                bssBANK1                       0000A0  00004F  0000EF        A0       1  BANK1       1
                bssBANK2                       000120  000043  000163       120       1  BANK2       1
                bssBANK3                       0001A0  000020  0001C0       1A0       1  BANK3       1
                text47                         000800  00000B  00080B      1000       0  CODE        2
                text28                         00080B  00003D  000848      1016       0  CODE        2
                text10                         000848  000040  000888      1090       0  CODE        2
                text32                         000888  00004B  0008D3      1110       0  CODE        2
                text33                         0008D3  00005B  00092E      11A6       0  CODE        2
                text14                         00092E  00005B  000989      125C       0  CODE        2
                text44                         000989  00005F  0009E8      1312       0  CODE        2
                text25                         0009E8  00005F  000A47      13D0       0  CODE        2
                text29                         000A47  000062  000AA9      148E       0  CODE        2
                maintext                       000AA9  00006C  000B15      1552       0  CODE        2
                text74                         000B15  000071  000B86      162A       0  CODE        2
                text21                         000B86  000094  000C1A      170C       0  CODE        2
                text18                         000C1A  00009F  000CB9      1834       0  CODE        2
                text73                         000CB9  0000AB  000D64      1972       0  CODE        2
                text1                          000D64  0000BC  000E20      1AC8       0  CODE        2
                text70                         000E20  0000E8  000F08      1C40       0  CODE        2
                text12                         000F08  0000F8  001000      1E10       0  CODE        2
                text87                         0012C9  000001  0012CA      2592       0  CODE        2
                text38                         0012CA  000003  0012CD      2594       0  CODE        2
                text84                         0012CD  000004  0012D1      259A       0  CODE        2
                text82                         0012D1  000004  0012D5      25A2       0  CODE        2
                text52                         0012D5  000004  0012D9      25AA       0  CODE        2
                text50                         0012D9  000005  0012DE      25B2       0  CODE        2
                text43                         0012DE  000005  0012E3      25BC       0  CODE        2
                text41                         0012E3  000005  0012E8      25C6       0  CODE        2
                text35                         0012E8  000005  0012ED      25D0       0  CODE        2
                text90                         0012ED  000006  0012F3      25DA       0  CODE        2
                text69                         0012F3  000006  0012F9      25E6       0  CODE        2
                text67                         0012F9  000006  0012FF      25F2       0  CODE        2
                text66                         0012FF  000006  001305      25FE       0  CODE        2
                text65                         001305  000006  00130B      260A       0  CODE        2
                text64                         00130B  000006  001311      2616       0  CODE        2
                text63                         001311  000006  001317      2622       0  CODE        2
                clrtext                        001317  000006  00131D      262E       0  CODE        2
                inittext                       00131D  000006  001323      263A       0  CODE        2
                text59                         001323  000008  00132B      2646       0  CODE        2
                text55                         00132B  000008  001333      2656       0  CODE        2
                text16                         001333  000009  00133C      2666       0  CODE        2
                text15                         00133C  000009  001345      2678       0  CODE        2
                text56                         001345  00000A  00134F      268A       0  CODE        2
                text54                         00134F  00000A  001359      269E       0  CODE        2
                text53                         001359  00000A  001363      26B2       0  CODE        2
                text37                         001363  00000A  00136D      26C6       0  CODE        2
                text36                         00136D  00000A  001377      26DA       0  CODE        2
                text72                         001377  00000B  001382      26EE       0  CODE        2
                text71                         001382  00000B  00138D      2704       0  CODE        2
                text61                         00138D  00000C  001399      271A       0  CODE        2
                text58                         001399  00000C  0013A5      2732       0  CODE        2
                text45                         0013A5  00000C  0013B1      274A       0  CODE        2
                text9                          0013B1  00000C  0013BD      2762       0  CODE        2
                idataBANK1                     0013BD  00000C  0013C9      277A       0  CODE        2
                text89                         0013C9  00000D  0013D6      2792       0  CODE        2
                text49                         0013D6  00000D  0013E3      27AC       0  CODE        2
                text48                         0013E3  00000D  0013F0      27C6       0  CODE        2
                text46                         0013F0  00000D  0013FD      27E0       0  CODE        2
                text86                         0013FD  00000F  00140C      27FA       0  CODE        2
                text19                         00140C  000010  00141C      2818       0  CODE        2
                idataBANK2                     00141C  000010  00142C      2838       0  CODE        2
                text40                         00142C  000011  00143D      2858       0  CODE        2
                text39                         00143D  000011  00144E      287A       0  CODE        2
                text68                         00144E  000012  001460      289C       0  CODE        2
                text57                         001460  000014  001474      28C0       0  CODE        2
                text11                         001474  000016  00148A      28E8       0  CODE        2
                text42                         00148A  000017  0014A1      2914       0  CODE        2
                text85                         0014A1  000019  0014BA      2942       0  CODE        2
                text78                         0014BA  000019  0014D3      2974       0  CODE        2
                text30                         0014D3  00001A  0014ED      29A6       0  CODE        2
                text7                          0014ED  00001A  001507      29DA       0  CODE        2
                text6                          001507  00001A  001521      2A0E       0  CODE        2
                text8                          001521  00001B  00153C      2A42       0  CODE        2
                text5                          00153C  00001C  001558      2A78       0  CODE        2
                text3                          001558  00001C  001574      2AB0       0  CODE        2
                text4                          001574  00001D  001591      2AE8       0  CODE        2
                text20                         001591  00001E  0015AF      2B22       0  CODE        2
                text34                         0015AF  000020  0015CF      2B5E       0  CODE        2
                text80                         0015CF  000022  0015F1      2B9E       0  CODE        2
                text76                         0015F1  000024  001615      2BE2       0  CODE        2
                text17                         001615  000024  001639      2C2A       0  CODE        2
                text51                         001639  000025  00165E      2C72       0  CODE        2
                text31                         00165E  000027  001685      2CBC       0  CODE        2
                text24                         001685  000027  0016AC      2D0A       0  CODE        2
                text27                         0016AC  000035  0016E1      2D58       0  CODE        2
                text23                         0016E1  000038  001719      2DC2       0  CODE        2
                text88                         001719  000039  001752      2E32       0  CODE        2
                text81                         001752  000039  00178B      2EA4       0  CODE        2
                text60                         00178B  000039  0017C4      2F16       0  CODE        2
                text62                         0017C4  00003C  001800      2F88       0  CODE        2
                stringtext2                    001800  0000B6  0018B6      3000       0  STRCODE     2


UNUSED ADDRESS RANGES

        Name                Unused          Largest block    Delta
        BANK1            000EF-000EF               1           1
        BANK10           00520-0056F              50           1
        BANK11           005A0-005EF              50           1
        BANK12           00620-0064F              30           1
        BANK2            00163-0016F               D           1
        BANK3            001C0-001EF              30           1
        BANK4            00220-0026F              50           1
        BANK5            002A0-002EF              50           1
        BANK6            00320-0036F              50           1
        BANK7            003A0-003EF              50           1
        BANK8            00420-0046F              50           1
        BANK9            004A0-004EF              50           1
        BIGRAM           02000-023EF             3F0           1
        CODE             01000-012C8             2C9           2
                         018B6-01FFF             74A
        COMMON           0007A-0007D               4           1
        CONST            01000-012C8             100           2
                         018B6-01FFF             100
        EEDATA           0F000-0F0FF             100           2
        ENTRY            01000-012C8             100           2
                         018B6-01FFF             100
        IDLOC            08000-08003               4           2
        RAM              000EF-000EF               1           1
                         00163-0016F               D
                         001C0-001EF              30
                         00220-0026F              50
                         002A0-002EF              50
                         00320-0036F              50
                         003A0-003EF              50
                         00420-0046F              50
                         004A0-004EF              50
                         00520-0056F              50
                         005A0-005EF              50
                         00620-0064F              30
        SFR0             00000-0001F              20           1
        SFR1             00080-0009F              20           1
        SFR10            00500-0051F              20           1
        SFR11            00580-0059F              20           1
        SFR12            00600-0061F              20           1
        SFR13            00680-006EF              70           1
        SFR14            00700-0076F              70           1
        SFR15            00780-007EF              70           1
        SFR16            00800-0086F              70           1
        SFR17            00880-008EF              70           1
        SFR18            00900-0096F              70           1
        SFR19            00980-009EF              70           1
        SFR2             00100-0011F              20           1
        SFR20            00A00-00A6F              70           1
        SFR21            00A80-00AEF              70           1
        SFR22            00B00-00B6F              70           1
        SFR23            00B80-00BEF              70           1
        SFR24            00C00-00C6F              70           1
        SFR25            00C80-00CEF              70           1
        SFR26            00D00-00D6F              70           1
        SFR27            00D80-00DEF              70           1
        SFR28            00E00-00E6F              70           1
        SFR29            00E80-00EEF              70           1
        SFR3             00180-0019F              20           1
        SFR30            00F00-00F6F              70           1
        SFR31            00F80-00FEF              70           1
        SFR4             00200-0021F              20           1
        SFR5             00280-0029F              20           1
        SFR6             00300-0031F              20           1
        SFR7             00380-0039F              20           1
        SFR8             00400-0041F              20           1
        SFR9             00480-0049F              20           1
        STRCODE          01000-012C8             2C9           2
                         018B6-01FFF             74A
        STRING           01000-012C8             100           2
                         018B6-01FFF             100

                                  Symbol Table

?_ADC_GetConversionResult                      cstackCOMMON 00070
?_PI_GetKi                                     cstackBANK0  00020
?_PI_GetKp                                     cstackBANK0  00020
?__Umul8_16                                    cstackCOMMON 00074
?___fladd                                      cstackBANK0  0002E
?___fldiv                                      cstackBANK0  00020
?___flmul                                      cstackBANK0  0004A
?___flsub                                      cstackBANK0  00042
?___fltol                                      cstackBANK0  00064
?___lldiv                                      cstackBANK0  00020
?___llmod                                      cstackBANK0  00020
?___lwdiv                                      cstackBANK0  00020
?___lwmod                                      cstackBANK0  00020
?___xxtofl                                     cstackBANK0  00020
?_printf                                       cstackBANK0  0005D
?_str2float                                    cstackBANK0  00064
?_vfprintf                                     cstackBANK0  00055
ADC_SelectChannel@channel                      cstackCOMMON 00075
ADC_SetInterruptHandler@InterruptHandler       cstackCOMMON 00074
EUSART_Read@readValue                          cstackCOMMON 00075
EUSART_SetErrorHandler@interruptHandler        cstackCOMMON 00074
EUSART_SetFramingErrorHandler@interruptHandler cstackCOMMON 00074
EUSART_SetOverrunErrorHandler@interruptHandler cstackCOMMON 00074
EUSART_SetRxInterruptHandler@interruptHandler  cstackCOMMON 00074
EUSART_SetTxInterruptHandler@interruptHandler  cstackCOMMON 00074
EUSART_Write@txData                            cstackCOMMON 00075
PI_SetKi@value                                 cstackBANK1  000DD
PI_SetKp@value                                 cstackBANK1  000DD
PI_SetSetpoint@value                           cstackCOMMON 00074
PWM5_LoadDutyValue@dutyValue                   cstackCOMMON 00074
SPI1_ExchangeByte@data                         cstackCOMMON 00074
SPI1_Open@spi1UniqueConfiguration              cstackCOMMON 00074
Send_LED_EndFrame@i                            cstackBANK0  00020
Send_LED_Frame@blue                            cstackBANK0  00020
Send_LED_Frame@green                           cstackBANK0  00021
Send_LED_Frame@intensity                       cstackCOMMON 00075
Send_LED_Frame@red                             cstackBANK0  00022
Send_LED_StartFrame@i                          cstackBANK0  00020
TMR4_HasOverflowOccured@status                 cstackCOMMON 00074
TMR6_HasOverflowOccured@status                 cstackCOMMON 00074
_ADACT                                         (abs)        0009F
_ADCON0                                        (abs)        0009D
_ADCON0bits                                    (abs)        0009D
_ADCON1                                        (abs)        0009E
_ADC_DefaultInterruptHandler                   text87       012C9
_ADC_GetConversionResult                       text90       012ED
_ADC_ISR                                       text86       013FD
_ADC_Initialize                                text68       0144E
_ADC_InterruptHandler                          bssBANK1     000BC
_ADC_SelectChannel                             text46       013F0
_ADC_SetInterruptHandler                       text69       012F3
_ADRESH                                        (abs)        0009C
_ADRESL                                        (abs)        0009B
_ANSELA                                        (abs)        0018C
_ANSELB                                        (abs)        0018D
_ANSELC                                        (abs)        0018E
_BAUD1CON                                      (abs)        0019F
_EUSART_DefaultErrorHandler                    text84       012CD
_EUSART_DefaultFramingErrorHandler             text83       00003
_EUSART_DefaultOverrunErrorHandler             text82       012D1
_EUSART_ErrorHandler                           bssBANK1     000BE
_EUSART_FramingErrorHandler                    bssBANK1     000C2
_EUSART_Initialize                             text62       017C4
_EUSART_OverrunErrorHandler                    bssBANK1     000C0
_EUSART_Read                                   text17       01615
_EUSART_Receive_ISR                            text81       01752
_EUSART_RxDataHandler                          text85       014A1
_EUSART_RxDefaultInterruptHandler              bssBANK1     000C4
_EUSART_SetErrorHandler                        text67       012F9
_EUSART_SetFramingErrorHandler                 text66       012FF
_EUSART_SetOverrunErrorHandler                 text65       01305
_EUSART_SetRxInterruptHandler                  text64       0130B
_EUSART_SetTxInterruptHandler                  text63       01311
_EUSART_Transmit_ISR                           text80       015CF
_EUSART_TxDefaultInterruptHandler              bssBANK1     000C6
_EUSART_Write                                  text31       0165E
_EUSART_is_rx_ready                            text16       01333
_INLVLA                                        (abs)        0038C
_INLVLB                                        (abs)        0038D
_INLVLC                                        (abs)        0038E
_INTCONbits                                    (abs)        0000B
_INTERRUPT_InterruptManager                    intentry     00004
_LATA                                          (abs)        0010C
_LATAbits                                      (abs)        0010C
_LATB                                          (abs)        0010D
_LATC                                          (abs)        0010E
_MASTER0_open                                  text43       012DE
_ODCONA                                        (abs)        0028C
_ODCONB                                        (abs)        0028D
_ODCONC                                        (abs)        0028E
_OSCCON1                                       (abs)        00919
_OSCCON3                                       (abs)        0091B
_OSCEN                                         (abs)        0091D
_OSCFRQ                                        (abs)        0091F
_OSCILLATOR_Initialize                         text61       0138D
_OSCTUNE                                       (abs)        0091E
_PI                                            text70       00E20
_PIE1bits                                      (abs)        00091
_PIN_MANAGER_Initialize                        text60       0178B
_PIR0bits                                      (abs)        00010
_PIR1bits                                      (abs)        00011
_PIR2bits                                      (abs)        00012
_PI_GetKi                                      text40       0142C
_PI_GetKp                                      text39       0143D
_PI_GetSetPoint                                text38       012CA
_PI_SetKi                                      text37       01363
_PI_SetKp                                      text36       0136D
_PI_SetSetpoint                                text35       012E8
_PLLR                                          (abs)        048E0
_PMD0                                          (abs)        00911
_PMD1                                          (abs)        00912
_PMD2                                          (abs)        00913
_PMD3                                          (abs)        00914
_PMD4                                          (abs)        00915
_PMD5                                          (abs)        00916
_PMD_Initialize                                text59       01323
_PR2                                           (abs)        0001E
_PR4                                           (abs)        00416
_PR6                                           (abs)        0041D
_PWM5CON                                       (abs)        00619
_PWM5DCH                                       (abs)        00618
_PWM5DCL                                       (abs)        00617
_PWM5_Initialize                               text58       01399
_PWM5_LoadDutyValue                            text78       014BA
_PWMTMRSbits                                   (abs)        0061F
_RB4PPS                                        (abs)        00E9C
_RB6PPS                                        (abs)        00E9E
_RB7PPS                                        (abs)        00E9F
_RC1REG                                        (abs)        00199
_RC1STA                                        (abs)        0019D
_RC1STAbits                                    (abs)        0019D
_RC5PPS                                        (abs)        00EA5
_RXPPS                                         (abs)        00E24
_SLRCONA                                       (abs)        0030C
_SLRCONB                                       (abs)        0030D
_SLRCONC                                       (abs)        0030E
_SP1BRGH                                       (abs)        0019C
_SP1BRGL                                       (abs)        0019B
_SPI1_Close                                    (abs)        00000
_SPI1_ExchangeBlock                            (abs)        00000
_SPI1_ExchangeByte                             text9        013B1
_SPI1_Initialize                               text57       01460
_SPI1_Open                                     text44       00989
_SPI1_ReadBlock                                (abs)        00000
_SPI1_ReadByte                                 (abs)        00000
_SPI1_WriteBlock                               (abs)        00000
_SPI1_WriteByte                                (abs)        00000
_SSP1ADD                                       (abs)        00212
_SSP1BUF                                       (abs)        00211
_SSP1CLKPPS                                    (abs)        00E20
_SSP1CON1                                      (abs)        00215
_SSP1CON1bits                                  (abs)        00215
_SSP1CON2                                      (abs)        00216
_SSP1DATPPS                                    (abs)        00E21
_SSP1STAT                                      (abs)        00214
_SYSTEM_Initialize                             text51       01639
_Send_LED_EndFrame                             text8        01521
_Send_LED_Frame                                text7        014ED
_Send_LED_StartFrame                           text6        01507
_T0CON0                                        (abs)        00017
_T0CON0bits                                    (abs)        00017
_T0CON1                                        (abs)        00018
_T2CON                                         (abs)        0001F
_T2CONbits                                     (abs)        0001F
_T4CON                                         (abs)        00417
_T4CONbits                                     (abs)        00417
_T6CON                                         (abs)        0041E
_T6CONbits                                     (abs)        0041E
_TMR0H                                         (abs)        00016
_TMR0L                                         (abs)        00015
_TMR0_HasOverflowOccured                       text50       012D9
_TMR0_Initialize                               text56       01345
_TMR2                                          (abs)        0001D
_TMR2_Initialize                               text55       0132B
_TMR4                                          (abs)        00415
_TMR4_HasOverflowOccured                       text49       013D6
_TMR4_Initialize                               text54       0134F
_TMR6                                          (abs)        0041C
_TMR6_HasOverflowOccured                       text48       013E3
_TMR6_Initialize                               text53       01359
_TRISA                                         (abs)        0008C
_TRISB                                         (abs)        0008D
_TRISBbits                                     (abs)        0008D
_TRISC                                         (abs)        0008E
_TX1REG                                        (abs)        0019A
_TX1STA                                        (abs)        0019E
_TX1STAbits                                    (abs)        0019E
_WDTCON                                        (abs)        00097
_WDT_Initialize                                text52       012D5
_WPUA                                          (abs)        0020C
_WPUB                                          (abs)        0020D
_WPUC                                          (abs)        0020E
__H__absolute__                                __absolute__ 00000
__Habs1                                        abs1         00000
__Hbank0                                       bank0        00000
__Hbank1                                       bank1        00000
__Hbank10                                      bank10       00000
__Hbank11                                      bank11       00000
__Hbank12                                      bank12       00000
__Hbank13                                      bank13       00000
__Hbank14                                      bank14       00000
__Hbank15                                      bank15       00000
__Hbank16                                      bank16       00000
__Hbank17                                      bank17       00000
__Hbank18                                      bank18       00000
__Hbank19                                      bank19       00000
__Hbank2                                       bank2        00000
__Hbank20                                      bank20       00000
__Hbank21                                      bank21       00000
__Hbank22                                      bank22       00000
__Hbank23                                      bank23       00000
__Hbank24                                      bank24       00000
__Hbank25                                      bank25       00000
__Hbank26                                      bank26       00000
__Hbank27                                      bank27       00000
__Hbank28                                      bank28       00000
__Hbank29                                      bank29       00000
__Hbank3                                       bank3        00000
__Hbank30                                      bank30       00000
__Hbank31                                      bank31       00000
__Hbank4                                       bank4        00000
__Hbank5                                       bank5        00000
__Hbank6                                       bank6        00000
__Hbank7                                       bank7        00000
__Hbank8                                       bank8        00000
__Hbank9                                       bank9        00000
__Hbigram                                      bigram       00000
__HbssBANK0                                    bssBANK0     00000
__HbssBANK1                                    bssBANK1     00000
__HbssBANK2                                    bssBANK2     00000
__HbssBANK3                                    bssBANK3     00000
__HbssCOMMON                                   bssCOMMON    00000
__Hcinit                                       cinit        00077
__Hclrtext                                     clrtext      00000
__Hcode                                        code         00000
__Hcommon                                      common       00000
__Hconfig                                      config       0800B
__HcstackBANK0                                 cstackBANK0  00000
__HcstackBANK1                                 cstackBANK1  00000
__HcstackBANK2                                 cstackBANK2  00000
__HcstackCOMMON                                cstackCOMMON 00000
__HdataBANK1                                   dataBANK1    00000
__HdataBANK2                                   dataBANK2    00000
__Heeprom_data                                 eeprom_data  00000
__Hend_init                                    end_init     0003E
__Hfunctab                                     functab      00000
__Hheap                                        heap         00000
__HidataBANK1                                  idataBANK1   00000
__HidataBANK2                                  idataBANK2   00000
__Hinit                                        init         0003C
__Hinittext                                    inittext     00000
__Hintentry                                    intentry     0003C
__Hmaintext                                    maintext     00000
__Hpowerup                                     powerup      00000
__Hram                                         ram          00000
__Hreset_vec                                   reset_vec    00003
__Hsfr0                                        sfr0         00000
__Hsfr1                                        sfr1         00000
__Hsfr10                                       sfr10        00000
__Hsfr11                                       sfr11        00000
__Hsfr12                                       sfr12        00000
__Hsfr13                                       sfr13        00000
__Hsfr14                                       sfr14        00000
__Hsfr15                                       sfr15        00000
__Hsfr16                                       sfr16        00000
__Hsfr17                                       sfr17        00000
__Hsfr18                                       sfr18        00000
__Hsfr19                                       sfr19        00000
__Hsfr2                                        sfr2         00000
__Hsfr20                                       sfr20        00000
__Hsfr21                                       sfr21        00000
__Hsfr22                                       sfr22        00000
__Hsfr23                                       sfr23        00000
__Hsfr24                                       sfr24        00000
__Hsfr25                                       sfr25        00000
__Hsfr26                                       sfr26        00000
__Hsfr27                                       sfr27        00000
__Hsfr28                                       sfr28        00000
__Hsfr29                                       sfr29        00000
__Hsfr3                                        sfr3         00000
__Hsfr30                                       sfr30        00000
__Hsfr31                                       sfr31        00000
__Hsfr4                                        sfr4         00000
__Hsfr5                                        sfr5         00000
__Hsfr6                                        sfr6         00000
__Hsfr7                                        sfr7         00000
__Hsfr8                                        sfr8         00000
__Hsfr9                                        sfr9         00000
__Hspace_0                                     (abs)        018B6
__Hspace_1                                     (abs)        001C0
__Hspace_2                                     (abs)        00000
__Hspace_3                                     (abs)        00000
__Hspace_4                                     (abs)        10012
__Hstack                                       stack        00000
__Hstrings                                     strings      00000
__Hstringtext1                                 stringtext1  00000
__Hstringtext10                                stringtext10 00000
__Hstringtext11                                stringtext11 00000
__Hstringtext12                                stringtext12 00000
__Hstringtext13                                stringtext13 00000
__Hstringtext14                                stringtext14 00000
__Hstringtext15                                stringtext15 00000
__Hstringtext16                                stringtext16 00000
__Hstringtext17                                stringtext17 00000
__Hstringtext2                                 stringtext2  00000
__Hstringtext3                                 stringtext3  00000
__Hstringtext4                                 stringtext4  00000
__Hstringtext5                                 stringtext5  00000
__Hstringtext6                                 stringtext6  00000
__Hstringtext7                                 stringtext7  00000
__Hstringtext8                                 stringtext8  00000
__Hstringtext9                                 stringtext9  00000
__Htext                                        text         00000
__L__absolute__                                __absolute__ 00000
__Labs1                                        abs1         00000
__Lbank0                                       bank0        00000
__Lbank1                                       bank1        00000
__Lbank10                                      bank10       00000
__Lbank11                                      bank11       00000
__Lbank12                                      bank12       00000
__Lbank13                                      bank13       00000
__Lbank14                                      bank14       00000
__Lbank15                                      bank15       00000
__Lbank16                                      bank16       00000
__Lbank17                                      bank17       00000
__Lbank18                                      bank18       00000
__Lbank19                                      bank19       00000
__Lbank2                                       bank2        00000
__Lbank20                                      bank20       00000
__Lbank21                                      bank21       00000
__Lbank22                                      bank22       00000
__Lbank23                                      bank23       00000
__Lbank24                                      bank24       00000
__Lbank25                                      bank25       00000
__Lbank26                                      bank26       00000
__Lbank27                                      bank27       00000
__Lbank28                                      bank28       00000
__Lbank29                                      bank29       00000
__Lbank3                                       bank3        00000
__Lbank30                                      bank30       00000
__Lbank31                                      bank31       00000
__Lbank4                                       bank4        00000
__Lbank5                                       bank5        00000
__Lbank6                                       bank6        00000
__Lbank7                                       bank7        00000
__Lbank8                                       bank8        00000
__Lbank9                                       bank9        00000
__Lbigram                                      bigram       00000
__LbssBANK0                                    bssBANK0     00000
__LbssBANK1                                    bssBANK1     00000
__LbssBANK2                                    bssBANK2     00000
__LbssBANK3                                    bssBANK3     00000
__LbssCOMMON                                   bssCOMMON    00000
__Lcinit                                       cinit        0003E
__Lclrtext                                     clrtext      00000
__Lcode                                        code         00000
__Lcommon                                      common       00000
__Lconfig                                      config       00000
__LcstackBANK0                                 cstackBANK0  00000
__LcstackBANK1                                 cstackBANK1  00000
__LcstackBANK2                                 cstackBANK2  00000
__LcstackCOMMON                                cstackCOMMON 00000
__LdataBANK1                                   dataBANK1    00000
__LdataBANK2                                   dataBANK2    00000
__Leeprom_data                                 eeprom_data  00000
__Lend_init                                    end_init     0003C
__Lfunctab                                     functab      00000
__Lheap                                        heap         00000
__LidataBANK1                                  idataBANK1   00000
__LidataBANK2                                  idataBANK2   00000
__Linit                                        init         0003C
__Linittext                                    inittext     00000
__Lintentry                                    intentry     00004
__Lmaintext                                    maintext     00000
__Lpowerup                                     powerup      00000
__Lram                                         ram          00000
__Lreset_vec                                   reset_vec    00000
__Lsfr0                                        sfr0         00000
__Lsfr1                                        sfr1         00000
__Lsfr10                                       sfr10        00000
__Lsfr11                                       sfr11        00000
__Lsfr12                                       sfr12        00000
__Lsfr13                                       sfr13        00000
__Lsfr14                                       sfr14        00000
__Lsfr15                                       sfr15        00000
__Lsfr16                                       sfr16        00000
__Lsfr17                                       sfr17        00000
__Lsfr18                                       sfr18        00000
__Lsfr19                                       sfr19        00000
__Lsfr2                                        sfr2         00000
__Lsfr20                                       sfr20        00000
__Lsfr21                                       sfr21        00000
__Lsfr22                                       sfr22        00000
__Lsfr23                                       sfr23        00000
__Lsfr24                                       sfr24        00000
__Lsfr25                                       sfr25        00000
__Lsfr26                                       sfr26        00000
__Lsfr27                                       sfr27        00000
__Lsfr28                                       sfr28        00000
__Lsfr29                                       sfr29        00000
__Lsfr3                                        sfr3         00000
__Lsfr30                                       sfr30        00000
__Lsfr31                                       sfr31        00000
__Lsfr4                                        sfr4         00000
__Lsfr5                                        sfr5         00000
__Lsfr6                                        sfr6         00000
__Lsfr7                                        sfr7         00000
__Lsfr8                                        sfr8         00000
__Lsfr9                                        sfr9         00000
__Lspace_0                                     (abs)        00000
__Lspace_1                                     (abs)        00000
__Lspace_2                                     (abs)        00000
__Lspace_3                                     (abs)        00000
__Lspace_4                                     (abs)        00000
__Lstack                                       stack        00000
__Lstrings                                     strings      00000
__Lstringtext1                                 stringtext1  00000
__Lstringtext10                                stringtext10 00000
__Lstringtext11                                stringtext11 00000
__Lstringtext12                                stringtext12 00000
__Lstringtext13                                stringtext13 00000
__Lstringtext14                                stringtext14 00000
__Lstringtext15                                stringtext15 00000
__Lstringtext16                                stringtext16 00000
__Lstringtext17                                stringtext17 00000
__Lstringtext2                                 stringtext2  00000
__Lstringtext3                                 stringtext3  00000
__Lstringtext4                                 stringtext4  00000
__Lstringtext5                                 stringtext5  00000
__Lstringtext6                                 stringtext6  00000
__Lstringtext7                                 stringtext7  00000
__Lstringtext8                                 stringtext8  00000
__Lstringtext9                                 stringtext9  00000
__Ltext                                        text         00000
__S0                                           (abs)        018B6
__S1                                           (abs)        001C0
__S3                                           (abs)        00000
__Umul8_16                                     text76       015F1
__Umul8_16@multiplicand                        cstackCOMMON 00074
__Umul8_16@multiplier                          cstackBANK0  00026
__Umul8_16@product                             cstackBANK0  00022
__Umul8_16@word_mpld                           cstackBANK0  00024
___bmul                                        text11       01474
___bmul@multiplicand                           cstackCOMMON 00074
___bmul@multiplier                             cstackBANK0  00021
___bmul@product                                cstackBANK0  00020
___fladd                                       text77       002B2
___fladd@a                                     cstackBANK0  00032
___fladd@aexp                                  cstackBANK0  0003F
___fladd@b                                     cstackBANK0  0002E
___fladd@bexp                                  cstackBANK0  00040
___fladd@grs                                   cstackBANK0  00041
___fladd@signs                                 cstackBANK0  0003E
___fldiv                                       text13       004BA
___fldiv@a                                     cstackBANK0  00020
___fldiv@aexp                                  cstackBANK0  00039
___fldiv@b                                     cstackBANK0  00024
___fldiv@bexp                                  cstackBANK0  00038
___fldiv@grs                                   cstackBANK0  00034
___fldiv@new_exp                               cstackBANK0  00032
___fldiv@rem                                   cstackBANK0  0002D
___fldiv@sign                                  cstackBANK0  00031
___flmul                                       text75       00077
___flmul@a                                     cstackBANK0  0004E
___flmul@aexp                                  cstackBANK0  00058
___flmul@b                                     cstackBANK0  0004A
___flmul@bexp                                  cstackBANK0  0005D
___flmul@grs                                   cstackBANK0  00059
___flmul@prod                                  cstackBANK0  0005E
___flmul@sign                                  cstackBANK0  00057
___flmul@temp                                  cstackBANK0  00062
___flsub                                       text34       015AF
___flsub@a                                     cstackBANK0  00042
___flsub@b                                     cstackBANK0  00046
___fltol                                       text74       00B15
___fltol@exp1                                  cstackBANK0  0006D
___fltol@f1                                    cstackBANK0  00064
___fltol@sign1                                 cstackBANK0  0006C
___heap_hi                                     (abs)        00000
___heap_lo                                     (abs)        00000
___int_sp                                      stack        00000
___latbits                                     (abs)        00002
___lldiv                                       text33       008D3
___lldiv@counter                               cstackBANK0  0002C
___lldiv@dividend                              cstackBANK0  00024
___lldiv@divisor                               cstackBANK0  00020
___lldiv@quotient                              cstackBANK0  00028
___llmod                                       text32       00888
___llmod@counter                               cstackCOMMON 00075
___llmod@dividend                              cstackBANK0  00024
___llmod@divisor                               cstackBANK0  00020
___lwdiv                                       text28       0080B
___lwdiv@counter                               cstackBANK0  00024
___lwdiv@dividend                              cstackBANK0  00022
___lwdiv@divisor                               cstackBANK0  00020
___lwdiv@quotient                              cstackBANK0  00025
___lwmod                                       text27       016AC
___lwmod@counter                               cstackCOMMON 00075
___lwmod@dividend                              cstackBANK0  00022
___lwmod@divisor                               cstackBANK0  00020
___sp                                          stack        00000
___stackhi                                     (abs)        00000
___stacklo                                     (abs)        00000
___xxtofl                                      text73       00CB9
___xxtofl@arg                                  cstackBANK0  0002A
___xxtofl@exp                                  cstackBANK0  00029
___xxtofl@sign                                 cstackBANK0  00028
___xxtofl@val                                  cstackBANK0  00020
__end_of_ADC_DefaultInterruptHandler           text87       012CA
__end_of_ADC_GetConversionResult               text90       012F3
__end_of_ADC_ISR                               text86       0140C
__end_of_ADC_Initialize                        text68       01460
__end_of_ADC_SelectChannel                     text46       013FD
__end_of_ADC_SetInterruptHandler               text69       012F9
__end_of_EUSART_DefaultErrorHandler            text84       012D1
__end_of_EUSART_DefaultFramingErrorHandler     text83       00004
__end_of_EUSART_DefaultOverrunErrorHandler     text82       012D5
__end_of_EUSART_Initialize                     text62       01800
__end_of_EUSART_Read                           text17       01639
__end_of_EUSART_Receive_ISR                    text81       0178B
__end_of_EUSART_RxDataHandler                  text85       014BA
__end_of_EUSART_SetErrorHandler                text67       012FF
__end_of_EUSART_SetFramingErrorHandler         text66       01305
__end_of_EUSART_SetOverrunErrorHandler         text65       0130B
__end_of_EUSART_SetRxInterruptHandler          text64       01311
__end_of_EUSART_SetTxInterruptHandler          text63       01317
__end_of_EUSART_Transmit_ISR                   text80       015F1
__end_of_EUSART_Write                          text31       01685
__end_of_EUSART_is_rx_ready                    text16       0133C
__end_of_INTERRUPT_InterruptManager            intentry     0003C
__end_of_MASTER0_open                          text43       012E3
__end_of_OSCILLATOR_Initialize                 text61       01399
__end_of_PI                                    text70       00F08
__end_of_PIN_MANAGER_Initialize                text60       017C4
__end_of_PI_GetKi                              text40       0143D
__end_of_PI_GetKp                              text39       0144E
__end_of_PI_GetSetPoint                        text38       012CD
__end_of_PI_SetKi                              text37       0136D
__end_of_PI_SetKp                              text36       01377
__end_of_PI_SetSetpoint                        text35       012ED
__end_of_PMD_Initialize                        text59       0132B
__end_of_PWM5_Initialize                       text58       013A5
__end_of_PWM5_LoadDutyValue                    text78       014D3
__end_of_SPI1_ExchangeByte                     text9        013BD
__end_of_SPI1_Initialize                       text57       01474
__end_of_SPI1_Open                             text44       009E8
__end_of_SYSTEM_Initialize                     text51       0165E
__end_of_Send_LED_EndFrame                     text8        0153C
__end_of_Send_LED_Frame                        text7        01507
__end_of_Send_LED_StartFrame                   text6        01521
__end_of_TMR0_HasOverflowOccured               text50       012DE
__end_of_TMR0_Initialize                       text56       0134F
__end_of_TMR2_Initialize                       text55       01333
__end_of_TMR4_HasOverflowOccured               text49       013E3
__end_of_TMR4_Initialize                       text54       01359
__end_of_TMR6_HasOverflowOccured               text48       013F0
__end_of_TMR6_Initialize                       text53       01363
__end_of_WDT_Initialize                        text52       012D9
[...]
__ptext6                                       text6        01507
__ptext60                                      text60       0178B
__ptext61                                      text61       0138D
__ptext62                                      text62       017C4
__ptext63                                      text63       01311
__ptext64                                      text64       0130B
__ptext65                                      text65       01305
__ptext66                                      text66       012FF
__ptext67                                      text67       012F9
__ptext68                                      text68       0144E
__ptext69                                      text69       012F3
__ptext7                                       text7        014ED
__ptext70                                      text70       00E20
__ptext71                                      text71       01382
__ptext72                                      text72       01377
__ptext73                                      text73       00CB9
__ptext74                                      text74       00B15
__ptext75                                      text75       00077
__ptext76                                      text76       015F1
__ptext77                                      text77       002B2
__ptext78                                      text78       014BA
__ptext8                                       text8        01521
__ptext80                                      text80       015CF
__ptext81                                      text81       01752
__ptext82                                      text82       012D1
__ptext83                                      text83       00003
__ptext84                                      text84       012CD
__ptext85                                      text85       014A1
__ptext86                                      text86       013FD
__ptext87                                      text87       012C9
__ptext88                                      text88       01719
__ptext89                                      text89       013C9
__ptext9                                       text9        013B1
__ptext90                                      text90       012ED
_adcConversionDoneHandler                      text88       01719
_buffer                                        dataBANK2    0014F
_dbuf                                          bssBANK3     001A0
_dutycycle                                     bssBANK1     000B6
_error                                         bssBANK1     000BA
_eusartRxBuffer                                bssBANK2     00120
_eusartRxCount                                 bssBANK1     000D1
_eusartRxHead                                  bssCOMMON    00077
_eusartRxLastError                             bssBANK1     000D0
_eusartRxStatusBuffer                          bssBANK1     000A0
_eusartRxTail                                  bssCOMMON    00076
_eusartTxBuffer                                bssBANK2     00128
_eusartTxBufferRemaining                       bssBANK1     000D2
_eusartTxHead                                  bssCOMMON    00079
_eusartTxTail                                  bssCOMMON    00078
_flags                                         bssBANK1     000C8
_fputc                                         text25       009E8
_fputs                                         text24       01685
_getHartslag                                   text47       00800
_getHoogteSensor                               text72       01377
_getPotentiometer                              text71       01382
_hartslagsensor                                bssBANK1     000B0
_hoogteSensor                                  bssBANK1     000B4
_initAdcMultiplexer                            text45       013A5
_initLedStrip                                  text41       012E3
_integral                                      bssBANK1     000A8
_ki                                            dataBANK1    000E7
_kp                                            dataBANK1    000E3
_line                                          bssBANK2     00130
_main                                          maintext     00AA9
_mustPrintLogs                                 dataBANK1    000ED
_pad                                           text23       016E1
_potentiometer                                 bssBANK1     000B2
_prec                                          bssBANK1     000AE
_printBuffer                                   bssBANK2     00144
_printFloat                                    text18       00C1A
_printNewLine                                  text15       0133C
_printStr                                      text30       014D3
_printUint32                                   text29       00A47
_printf                                        text19       0140C
_putch                                         text26       007F9
_readLine                                      text14       0092E
_sensorHeight                                  bssBANK1     000CF
_setpoint                                      dataBANK1    000EE
_spi1_configuration                            stringtext2  01800
_spi_master_open                               text42       0148A
_str2float                                     text12       00F08
_str2uint8                                     text10       00848
_uartHandler                                   text2        00664
_updateLEDstripGroen                           text5        0153C
_updateLEDstripOranje                          text4        01574
_updateLEDstripRood                            text3        01558
_updateLedstripAnimation                       text1        00D64
_utoa                                          text22       0077D
_vfpfcnvrt                                     text21       00B86
_vfprintf                                      text20       01591
_width                                         bssBANK1     000AC
adcConversionDoneHandler@channel               dataBANK1    000EB
btemp                                          (abs)        0007E
clear_ram0                                     clrtext      01317
end_of_initialization                          cinit        00073
fputc@c                                        cstackBANK0  00021
fputc@fp                                       cstackBANK0  00023
fputs@c                                        cstackBANK0  0002F
fputs@fp                                       cstackBANK0  0002A
fputs@i                                        cstackBANK0  00030
fputs@s                                        cstackBANK0  0002E
i1ADC_SelectChannel@channel                    cstackCOMMON 00071
i1_ADC_SelectChannel                           text89       013C9
init_ram                                       inittext     0131D
int$flags                                      (abs)        0007E
intlevel0                                      functab      00000
intlevel1                                      functab      00000
intlevel2                                      functab      00000
intlevel3                                      functab      00000
intlevel4                                      functab      00000
intlevel5                                      functab      00000
main@printCycle                                bssBANK1     000CE
pad@buf                                        cstackBANK0  00034
pad@fp                                         cstackBANK0  00032
pad@i                                          cstackBANK0  00038
pad@p                                          cstackBANK0  00035
pad@w                                          cstackBANK0  0003A
printFloat@naComma                             cstackBANK1  000D7
printFloat@value                               cstackBANK1  000D3
printFloat@voorComma                           cstackBANK1  000DB
printStr@str                                   cstackBANK0  00021
printUint32@getal                              cstackBANK0  0002D
printUint32@i                                  cstackBANK0  00033
printUint32@leadingZeros                       cstackBANK0  00031
printf@ap                                      cstackBANK0  00063
printf@fmt                                     cstackBANK0  0005D
putch@txData                                   cstackBANK0  00020
readLine@index                                 bssBANK0     0006F
reset_vec                                      reset_vec    00000
spi_master_open@config                         cstackCOMMON 00075
start                                          init         0003C
start_initialization                           cinit        0003E
str2float@cijfer                               cstackBANK1  000DC
str2float@getal                                cstackBANK1  000D8
str2float@i                                    cstackBANK1  000D3
str2float@kommaCounter                         cstackBANK1  000D6
str2float@kommaPresent                         cstackBANK1  000D5
str2float@str                                  cstackBANK1  000D7
str2uint8@cijfer                               cstackBANK0  00026
str2uint8@getal                                cstackBANK0  00027
str2uint8@i                                    cstackBANK0  00024
str2uint8@str                                  cstackBANK0  00023
uartHandler@str                                cstackBANK0  0006E
updateLEDstripGroen@led                        cstackBANK0  00024
updateLEDstripOranje@led                       cstackBANK0  00024
updateLEDstripRood@led                         cstackBANK0  00024
updateLedstripAnimation@blue                   bssBANK1     000CA
updateLedstripAnimation@change_color           bssBANK1     000CB
updateLedstripAnimation@direction              bssBANK1     000CD
updateLedstripAnimation@green                  bssBANK1     000C9
updateLedstripAnimation@led                    cstackBANK0  00025
updateLedstripAnimation@led_run                bssBANK1     000CC
updateLedstripAnimation@red                    dataBANK1    000EC
utoa@d                                         cstackBANK0  0003E
utoa@fp                                        cstackBANK0  0003C
utoa@i                                         cstackBANK0  00045
utoa@p                                         cstackBANK0  00043
utoa@w                                         cstackBANK0  00041
vfpfcnvrt@ap                                   cstackBANK0  0004A
vfpfcnvrt@convarg                              cstackBANK0  0004F
vfpfcnvrt@cp                                   cstackBANK0  00053
vfpfcnvrt@fmt                                  cstackBANK0  00049
vfpfcnvrt@fp                                   cstackBANK0  00047
vfprintf@ap                                    cstackBANK0  00059
vfprintf@cfmt                                  cstackBANK0  0005B
vfprintf@fmt                                   cstackBANK0  00057
vfprintf@fp                                    cstackBANK0  00055
wtemp0                                         (abs)        0007E


MODULE INFORMATION

Module		Function		Class		Link	Load	Size
C:\Program Files\Microchip\xc8\v2.41\pic\sources\c99\common\llmod.c
		___llmod       		CODE           	0888	0000	75

C:\Program Files\Microchip\xc8\v2.41\pic\sources\c99\common\llmod.c estimated size: 75

UART.c
		_printStr      		CODE           	14D3	0000	26
		_printNewLine  		CODE           	133C	0000	9
		_printFloat    		CODE           	0C1A	0000	159
		_str2float     		CODE           	0F08	0000	248
		_readLine      		CODE           	092E	0000	91
		_printUint32   		CODE           	0A47	0000	98
		_uartHandler   		CODE           	0664	0000	281
		_str2uint8     		CODE           	0848	0000	64

UART.c estimated size: 976

mcc_generated_files/tmr6.c
		_TMR6_HasOverflowOccured		CODE           	13E3	0000	13
		_TMR6_Initialize		CODE           	1359	0000	10

mcc_generated_files/tmr6.c estimated size: 23

C:\Program Files\Microchip\xc8\v2.41\pic\sources\c99\common\Umul8_16.c
		__Umul8_16     		CODE           	15F1	0000	36

C:\Program Files\Microchip\xc8\v2.41\pic\sources\c99\common\Umul8_16.c estimated size: 36

C:\Program Files\Microchip\xc8\v2.41\pic\sources\c99\common\fltol.c
		___fltol       		CODE           	0B15	0000	113

C:\Program Files\Microchip\xc8\v2.41\pic\sources\c99\common\fltol.c estimated size: 113

mcc_generated_files/tmr4.c
		_TMR4_HasOverflowOccured		CODE           	13D6	0000	13
		_TMR4_Initialize		CODE           	134F	0000	10

mcc_generated_files/tmr4.c estimated size: 23

C:\Program Files\Microchip\xc8\v2.41\pic\sources\c99\common\xxtofl.c
		___xxtofl      		CODE           	0CB9	0000	171

C:\Program Files\Microchip\xc8\v2.41\pic\sources\c99\common\xxtofl.c estimated size: 171

C:\Program Files\Microchip\xc8\v2.41\pic\sources\c99\common\__lldiv.c
		___lldiv       		CODE           	08D3	0000	91

C:\Program Files\Microchip\xc8\v2.41\pic\sources\c99\common\__lldiv.c estimated size: 91

mcc_generated_files/tmr2.c
		_TMR2_Initialize		CODE           	132B	0000	8

mcc_generated_files/tmr2.c estimated size: 8

mcc_generated_files/interrupt_manager.c
		_INTERRUPT_InterruptManager		CODE           	0004	0000	56

mcc_generated_files/interrupt_manager.c estimated size: 56

C:\Program Files\Microchip\xc8\v2.41\pic\sources\c99\common\nf_fputc.c
		_fputc         		CODE           	09E8	0000	95

C:\Program Files\Microchip\xc8\v2.41\pic\sources\c99\common\nf_fputc.c estimated size: 95

mcc_generated_files/tmr0.c
		_TMR0_HasOverflowOccured		CODE           	12D9	0000	5
		_TMR0_Initialize		CODE           	1345	0000	10

mcc_generated_files/tmr0.c estimated size: 15

mcc_generated_files/pin_manager.c
		_PIN_MANAGER_Initialize		CODE           	178B	0000	57

mcc_generated_files/pin_manager.c estimated size: 57

C:\Program Files\Microchip\xc8\v2.41\pic\sources\c99\common\sprcadd.c
		___flsub       		CODE           	15AF	0000	32
		___fladd       		CODE           	02B2	0000	520

C:\Program Files\Microchip\xc8\v2.41\pic\sources\c99\common\sprcadd.c estimated size: 552

C:\Program Files\Microchip\xc8\v2.41\pic\sources\c99\common\lwdiv.c
		___lwdiv       		CODE           	080B	0000	61

C:\Program Files\Microchip\xc8\v2.41\pic\sources\c99\common\lwdiv.c estimated size: 61

mcc_generated_files/spi1.c
		_SPI1_Open     		CODE           	0989	0000	95
		_SPI1_Initialize		CODE           	1460	0000	20
		_SPI1_ExchangeByte		CODE           	13B1	0000	12

mcc_generated_files/spi1.c estimated size: 127

mcc_generated_files/adc.c
		_ADC_DefaultInterruptHandler		CODE           	12C9	0000	1
		_ADC_Initialize		CODE           	144E	0000	18
		_ADC_SetInterruptHandler		CODE           	12F3	0000	6
		_ADC_GetConversionResult		CODE           	12ED	0000	6
		_ADC_ISR       		CODE           	13FD	0000	15
		_ADC_SelectChannel		CODE           	13F0	0000	13

mcc_generated_files/adc.c estimated size: 59

C:\Program Files\Microchip\xc8\v2.41\pic\sources\c99\common\doprnt.c
		_vfpfcnvrt     		CODE           	0B86	0000	148
		_pad           		CODE           	16E1	0000	56
		_vfprintf      		CODE           	1591	0000	30
		_utoa          		CODE           	077D	0000	124

C:\Program Files\Microchip\xc8\v2.41\pic\sources\c99\common\doprnt.c estimated size: 358

C:\Program Files\Microchip\xc8\v2.41\pic\sources\c99\common\Umul8.c
		___bmul        		CODE           	1474	0000	22

C:\Program Files\Microchip\xc8\v2.41\pic\sources\c99\common\Umul8.c estimated size: 22

PI.c
		_PI_GetSetPoint		CODE           	12CA	0000	3
		_PI_SetSetpoint		CODE           	12E8	0000	5
		_PI            		CODE           	0E20	0000	232
		_PI_GetKi      		CODE           	142C	0000	17
		_PI_GetKp      		CODE           	143D	0000	17
		_PI_SetKi      		CODE           	1363	0000	10
		_PI_SetKp      		CODE           	136D	0000	10

PI.c estimated size: 294

mcc_generated_files/drivers/spi_master.c
		_spi_master_open		CODE           	148A	0000	23
		_MASTER0_open  		CODE           	12DE	0000	5

mcc_generated_files/drivers/spi_master.c estimated size: 28

shared
		__initialization		CODE           	003E	0000	53
		i1_ADC_SelectChannel		CODE           	13C9	0000	13
		_spiMaster     		STRCODE        	0000	0000	0
		_spi1_configuration		STRCODE        	1800	0000	8

shared estimated size: 74

mcc_generated_files/pwm5.c
		_PWM5_LoadDutyValue		CODE           	14BA	0000	25
		_PWM5_Initialize		CODE           	1399	0000	12

mcc_generated_files/pwm5.c estimated size: 37

mcc_generated_files/mcc.c
		_WDT_Initialize		CODE           	12D5	0000	4
		_PMD_Initialize		CODE           	1323	0000	8
		_OSCILLATOR_Initialize		CODE           	138D	0000	12
		_SYSTEM_Initialize		CODE           	1639	0000	37

mcc_generated_files/mcc.c estimated size: 61

ledstrip.c
		_updateLEDstripOranje		CODE           	1574	0000	29
		_Send_LED_StartFrame		CODE           	1507	0000	26
		_updateLEDstripGroen		CODE           	153C	0000	28
		_Send_LED_EndFrame		CODE           	1521	0000	27
		_Send_LED_Frame		CODE           	14ED	0000	26
		_initLedStrip  		CODE           	12E3	0000	5
		_updateLEDstripRood		CODE           	1558	0000	28
		_updateLedstripAnimation		CODE           	0D64	0000	188

ledstrip.c estimated size: 357

C:\Program Files\Microchip\xc8\v2.41\pic\sources\c99\common\nf_fputs.c
		_fputs         		CODE           	1685	0000	39

C:\Program Files\Microchip\xc8\v2.41\pic\sources\c99\common\nf_fputs.c estimated size: 39

mcc_generated_files/eusart.c
		_EUSART_SetRxInterruptHandler		CODE           	130B	0000	6
		_EUSART_SetTxInterruptHandler		CODE           	1311	0000	6
		_putch         		CODE           	07F9	0000	7
		_EUSART_Read   		CODE           	1615	0000	36
		_EUSART_DefaultOverrunErrorHandler		CODE           	12D1	0000	4
		_EUSART_Write  		CODE           	165E	0000	39
		_EUSART_DefaultErrorHandler		CODE           	12CD	0000	4
		_EUSART_Transmit_ISR		CODE           	15CF	0000	34
		_EUSART_Initialize		CODE           	17C4	0000	60
		_EUSART_SetFramingErrorHandler		CODE           	12FF	0000	6
		_EUSART_SetErrorHandler		CODE           	12F9	0000	6
		_EUSART_SetOverrunErrorHandler		CODE           	1305	0000	6
		_EUSART_Receive_ISR		CODE           	1752	0000	57
		_EUSART_RxDataHandler		CODE           	14A1	0000	25
		_EUSART_DefaultFramingErrorHandler		CODE           	0003	0000	1
		_EUSART_is_rx_ready		CODE           	1333	0000	9

mcc_generated_files/eusart.c estimated size: 306

main.c
		_main          		CODE           	0AA9	0000	108

main.c estimated size: 108

C:\Program Files\Microchip\xc8\v2.41\pic\sources\c99\common\sprcmul.c
		___flmul       		CODE           	0077	0000	571

C:\Program Files\Microchip\xc8\v2.41\pic\sources\c99\common\sprcmul.c estimated size: 571

C:\Program Files\Microchip\xc8\v2.41\pic\sources\c99\common\printf.c
		_printf        		CODE           	140C	0000	16

C:\Program Files\Microchip\xc8\v2.41\pic\sources\c99\common\printf.c estimated size: 16

adcMultiplexer.c
		_getHartslag   		CODE           	0800	0000	11
		_getHoogteSensor		CODE           	1377	0000	11
		_initAdcMultiplexer		CODE           	13A5	0000	12
		_adcConversionDoneHandler		CODE           	1719	0000	57
		_getPotentiometer		CODE           	1382	0000	11

adcMultiplexer.c estimated size: 102

C:\Program Files\Microchip\xc8\v2.41\pic\sources\c99\common\sprcdiv.c
		___fldiv       		CODE           	04BA	0000	426

C:\Program Files\Microchip\xc8\v2.41\pic\sources\c99\common\sprcdiv.c estimated size: 426

C:\Program Files\Microchip\xc8\v2.41\pic\sources\c99\common\lwmod.c
		___lwmod       		CODE           	16AC	0000	53

C:\Program Files\Microchip\xc8\v2.41\pic\sources\c99\common\lwmod.c estimated size: 53

