Microchip MPLAB XC8 Compiler V2.41

Linker command line:

-W-3 \
  --edf=C:/Users/larac/.mchp_packs/Microchip/PIC16F1xxxx_DFP/1.18.352/xc8\pic\dat\20230322162823_en.msgs \
  -cn -h+dist/default/production\pingpong-EIT-main.production.sym \
  --cmf=dist/default/production\pingpong-EIT-main.production.cmf -z \
  -Q16F18345 -oC:\Users\larac\AppData\Local\Temp\xcAs7m8.\driver_tmp_3.o \
  --defsym=__MPLAB_BUILD=1 --fixupoverflow=error \
  -Mdist/default/production/pingpong-EIT-main.production.map \
  --md=C:\Users\larac\AppData\Local\Temp\xcAs7m8.\driver_tmp_0.dat -E1 \
  -ver=XC8 Compiler --acfsm=1493 -ACODE=00h-07FFhx4 -ASTRCODE=00h-01FFFh \
  -ASTRING=00h-0FFhx32 -ACONST=00h-0FFhx32 -AENTRY=00h-0FFhx32 \
  -ACOMMON=070h-07Fh -ABANK0=020h-06Fh -ABANK1=0A0h-0EFh \
  -ABANK2=0120h-016Fh -ABANK3=01A0h-01EFh -ABANK4=0220h-026Fh \
  -ABANK5=02A0h-02EFh -ABANK6=0320h-036Fh -ABANK7=03A0h-03EFh \
  -ABANK8=0420h-046Fh -ABANK9=04A0h-04EFh -ABANK10=0520h-056Fh \
  -ABANK11=05A0h-05EFh -ABANK12=0620h-064Fh -ABIGRAM=02000h-023EFh \
  -ARAM=020h-06Fh,0A0h-0EFh,0120h-016Fh,01A0h-01EFh,0220h-026Fh,02A0h-02EFh,0320h-036Fh,03A0h-03EFh,0420h-046Fh,04A0h-04EFh,0520h-056Fh,05A0h-05EFh,0620h-064Fh \
  -AABS1=020h-07Fh,0A0h-0EFh,0120h-016Fh,01A0h-01EFh,0220h-026Fh,02A0h-02EFh,0320h-036Fh,03A0h-03EFh,0420h-046Fh,04A0h-04EFh,0520h-056Fh,05A0h-05EFh,0620h-064Fh \
  -ASFR0=00h-01Fh -ASFR1=080h-09Fh -ASFR2=0100h-011Fh -ASFR3=0180h-019Fh \
  -ASFR4=0200h-021Fh -ASFR5=0280h-029Fh -ASFR6=0300h-031Fh \
  -ASFR7=0380h-039Fh -ASFR8=0400h-041Fh -ASFR9=0480h-049Fh \
  -ASFR10=0500h-051Fh -ASFR11=0580h-059Fh -ASFR12=0600h-061Fh \
  -ASFR13=0680h-06EFh -ASFR14=0700h-076Fh -ASFR15=0780h-07EFh \
  -ASFR16=0800h-086Fh -ASFR17=0880h-08EFh -ASFR18=0900h-096Fh \
  -ASFR19=0980h-09EFh -ASFR20=0A00h-0A6Fh -ASFR21=0A80h-0AEFh \
  -ASFR22=0B00h-0B6Fh -ASFR23=0B80h-0BEFh -ASFR24=0C00h-0C6Fh \
  -ASFR25=0C80h-0CEFh -ASFR26=0D00h-0D6Fh -ASFR27=0D80h-0DEFh \
  -ASFR28=0E00h-0E6Fh -ASFR29=0E80h-0EEFh -ASFR30=0F00h-0F6Fh \
  -ASFR31=0F80h-0FEFh -ACONFIG=08007h-0800Ah -DCONFIG=2 \
  -AIDLOC=08000h-08003h -DIDLOC=2 -AEEDATA=00h-0FFh/0F000h \
  -peeprom_data=EEDATA -DEEDATA=2 -DCODE=2 -DSTRCODE=2 -DSTRING=2 -DCONST=2 \
  -DENTRY=2 -preset_vec=00h,intentry=04h,init,end_init -ppowerup=CODE \
  -pcinit=CODE -pfunctab=ENTRY -k \
  C:\Users\larac\AppData\Local\Temp\xcAs7m8.\driver_tmp_20.o \
  dist/default/production\pingpong-EIT-main.production.o 

Object code version is 3.11

Machine type is 16F18345



                Name                               Link     Load   Length Selector   Space Scale
C:\Users\larac\AppData\Local\Temp\xcAs7m8.\driver_tmp_20.o
                end_init                             3C       3C        2        8       0
                reset_vec                             0        0        2        0       0
                config                             8007     8007        4        0       4
dist/default/production\pingpong-EIT-main.production.o
                cinit                                3E       3E       39        8       0
                intentry                              4        4       38        8       0
                config                             8007     8007        4        0       4
                text88                             13C4     13C4        6     2788       0
                text87                             14AB     14AB        D     2956       0
                text86                             17C7     17C7       39     2F8E       0
                text85                                2        2        1        0       0
                text84                             14D2     14D2        F     29A4       0
                text83                             1576     1576       19     2AEC       0
                text82                             13A4     13A4        4     2748       0
                text81                                3        3        1        6       0
                text80                             13A8     13A8        4     2750       0
                text79                              827      827       39     104E       0
                text78                             16A4     16A4       22     2D48       0
                text76                             158F     158F       19     2B1E       0
                text75                              2B2      2B2      208        8       0
                text74                             16C6     16C6       24     2D8C       0
                text73                               77       77      23B        8       0
                text72                              BD1      BD1       71     17A2       0
                text71                              D75      D75       AB     1AEA       0
                text70                             144E     144E        B     289C       0
                text69                             1459     1459        B     28B2       0
                text68                              E20      E20       E8     1C40       0
                text67                             13CA     13CA        6     2794       0
                text66                             1523     1523       12     2A46       0
                text65                             13D0     13D0        6     27A0       0
                text64                             13D6     13D6        6     27AC       0
                text63                             13DC     13DC        6     27B8       0
                text62                             13E2     13E2        6     27C4       0
                text61                             13E8     13E8        6     27D0       0
                text60                              899      899       3C     1132       0
                text59                             146F     146F        C     28DE       0
                text58                              860      860       39     10C0       0
                text57                             13FA     13FA        8     27F4       0
                text56                             147B     147B        C     28F6       0
                text55                             1535     1535       14     2A6A       0
                text54                             141C     141C        A     2838       0
                text53                             1402     1402        8     2804       0
                text52                             1426     1426        A     284C       0
                text51                             1430     1430        A     2860       0
                text50                             13AC     13AC        4     2758       0
                text49                             170E     170E       25     2E1C       0
                text48                             13B0     13B0        5     2760       0
                text47                             14B8     14B8        D     2970       0
                text46                             1464     1464        B     28C8       0
                text45                             14C5     14C5        D     298A       0
                text44                             1487     1487        C     290E       0
                text43                              AB1      AB1       5F     1562       0
                text42                             13B5     13B5        5     276A       0
                text41                             155F     155F       17     2ABE       0
                text40                             13BA     13BA        5     2774       0
                text39                             1501     1501       11     2A02       0
                text38                             1512     1512       11     2A24       0
                text37                             13A1     13A1        3     2742       0
                text36                             143A     143A        A     2874       0
                text35                             1444     1444        A     2888       0
                text34                             13BF     13BF        5     277E       0
                text33                             1684     1684       20     2D08       0
                text32                              99D      99D       5B     133A       0
                text31                              952      952       4B     12A4       0
                text30                             1733     1733       27     2E66       0
                text29                             15A8     15A8       1A     2B50       0
                text28                              B6F      B6F       62     16DE       0
                text27                              8D5      8D5       3D     11AA       0
                text26                             175A     175A       35     2EB4       0
                text25                              7F9      7F9        7        8       0
                text24                              B10      B10       5F     1620       0
                text23                              800      800       27     1000       0
                text22                             178F     178F       38     2F1E       0
                text21                              77D      77D       7C        8       0
                text20                              C42      C42       94     1884       0
                text19                             1666     1666       1E     2CCC       0
                text18                             14E1     14E1       10     29C2       0
                text17                              CD6      CD6       9F     19AC       0
                text16                             16EA     16EA       24     2DD4       0
                text15                             140A     140A        9     2814       0
                text14                             1413     1413        9     2826       0
                text13                              9F8      9F8       5B     13F0       0
                text12                              4BA      4BA      1AA        8       0
                text11                              F08      F08       F8     1E10       0
                text10                             1549     1549       16     2A92       0
                text9                               912      912       40     1224       0
                text8                              1493     1493        C     2926       0
                text7                              15F6     15F6       1B     2BEC       0
                text6                              15C2     15C2       1A     2B84       0
                text5                              15DC     15DC       1A     2BB8       0
                text4                              1611     1611       1C     2C22       0
                text3                              1649     1649       1D     2C92       0
                text2                              162D     162D       1C     2C5A       0
                text1                               664      664      119        8       0
                maintext                            A53      A53       5E     14A6       0
                cstackBANK0                          20       20       4F       20       1
                cstackCOMMON                         70       70        6       70       1
                cstackBANK1                          D3       D3       10       A0       1
                cstackBANK2                         15F      15F        4      120       1
                clrtext                            13EE     13EE        6     27DC       0
                inittext                           13F4     13F4        6     27E8       0
                bssBANK3                            1A0      1A0       20      1A0       1
                dataBANK2                           14F      14F       10      120       1
                bssBANK2                            120      120       2F      120       1
                dataBANK1                            E3       E3        C       A0       1
                bssBANK1                             A0       A0       33       A0       1
                bssBANK0                             6F       6F        1       20       1
                bssCOMMON                            76       76        4       70       1
                stringtext16                       18B4     18B4        2     3000       0
                stringtext15                       18B0     18B0        4     3000       0
                stringtext14                       18AC     18AC        4     3000       0
                stringtext13                       18A8     18A8        4     3000       0
                stringtext12                       18A3     18A3        5     3000       0
                stringtext11                       189C     189C        7     3000       0
                stringtext10                       1895     1895        7     3000       0
                stringtext9                        188C     188C        9     3000       0
                stringtext8                        1880     1880        C     3000       0
                stringtext7                        1873     1873        D     3000       0
                stringtext6                        1866     1866        D     3000       0
                stringtext5                        1859     1859        D     3000       0
                stringtext4                        184A     184A        F     3000       0
                stringtext3                        1820     1820       16     3000       0
                stringtext2                        1800     1800       20     3000       0
                stringtext1                        1836     1836       14     3000       0
                idataBANK2                         14F1     14F1       10     29E2       0
                idataBANK1                         149F     149F        C     293E       0

TOTAL           Name                               Link     Load   Length     Space
        CLASS   CODE           
                end_init                             3C       3C        2         0
                cinit                                3E       3E       39         0
                intentry                              4        4       38         0
                reset_vec                             0        0        2         0
                text88                             13C4     13C4        6         0
                text87                             14AB     14AB        D         0
                text86                             17C7     17C7       39         0
                text85                                2        2        1         0
                text84                             14D2     14D2        F         0
                text83                             1576     1576       19         0
                text82                             13A4     13A4        4         0
                text81                                3        3        1         0
                text80                             13A8     13A8        4         0
                text79                              827      827       39         0
                text78                             16A4     16A4       22         0
                text76                             158F     158F       19         0
                text75                              2B2      2B2      208         0
                text74                             16C6     16C6       24         0
                text73                               77       77      23B         0
                text72                              BD1      BD1       71         0
                text71                              D75      D75       AB         0
                text70                             144E     144E        B         0
                text69                             1459     1459        B         0
                text68                              E20      E20       E8         0
                text67                             13CA     13CA        6         0
                text66                             1523     1523       12         0
                text65                             13D0     13D0        6         0
                text64                             13D6     13D6        6         0
                text63                             13DC     13DC        6         0
                text62                             13E2     13E2        6         0
                text61                             13E8     13E8        6         0
                text60                              899      899       3C         0
                text59                             146F     146F        C         0
                text58                              860      860       39         0
                text57                             13FA     13FA        8         0
                text56                             147B     147B        C         0
                text55                             1535     1535       14         0
                text54                             141C     141C        A         0
                text53                             1402     1402        8         0
                text52                             1426     1426        A         0
                text51                             1430     1430        A         0
                text50                             13AC     13AC        4         0
                text49                             170E     170E       25         0
                text48                             13B0     13B0        5         0
                text47                             14B8     14B8        D         0
                text46                             1464     1464        B         0
                text45                             14C5     14C5        D         0
                text44                             1487     1487        C         0
                text43                              AB1      AB1       5F         0
                text42                             13B5     13B5        5         0
                text41                             155F     155F       17         0
                text40                             13BA     13BA        5         0
                text39                             1501     1501       11         0
                text38                             1512     1512       11         0
                text37                             13A1     13A1        3         0
                text36                             143A     143A        A         0
                text35                             1444     1444        A         0
                text34                             13BF     13BF        5         0
                text33                             1684     1684       20         0
                text32                              99D      99D       5B         0
                text31                              952      952       4B         0
                text30                             1733     1733       27         0
                text29                             15A8     15A8       1A         0
                text28                              B6F      B6F       62         0
                text27                              8D5      8D5       3D         0
                text26                             175A     175A       35         0
                text25                              7F9      7F9        7         0
                text24                              B10      B10       5F         0
                text23                              800      800       27         0
                text22                             178F     178F       38         0
                text21                              77D      77D       7C         0
                text20                              C42      C42       94         0
                text19                             1666     1666       1E         0
                text18                             14E1     14E1       10         0
                text17                              CD6      CD6       9F         0
                text16                             16EA     16EA       24         0
                text15                             140A     140A        9         0
                text14                             1413     1413        9         0
                text13                              9F8      9F8       5B         0
                text12                              4BA      4BA      1AA         0
                text11                              F08      F08       F8         0
                text10                             1549     1549       16         0
                text9                               912      912       40         0
                text8                              1493     1493        C         0
                text7                              15F6     15F6       1B         0
                text6                              15C2     15C2       1A         0
                text5                              15DC     15DC       1A         0
                text4                              1611     1611       1C         0
                text3                              1649     1649       1D         0
                text2                              162D     162D       1C         0
                text1                               664      664      119         0
                maintext                            A53      A53       5E         0
                clrtext                            13EE     13EE        6         0
                inittext                           13F4     13F4        6         0
                idataBANK2                         14F1     14F1       10         0
                idataBANK1                         149F     149F        C         0

        CLASS   STRCODE        
                stringtext16                       18B4     18B4        2         0
                stringtext15                       18B0     18B0        4         0
                stringtext14                       18AC     18AC        4         0
                stringtext13                       18A8     18A8        4         0
                stringtext12                       18A3     18A3        5         0
                stringtext11                       189C     189C        7         0
                stringtext10                       1895     1895        7         0
                stringtext9                        188C     188C        9         0
                stringtext8                        1880     1880        C         0
                stringtext7                        1873     1873        D         0
                stringtext6                        1866     1866        D         0
                stringtext5                        1859     1859        D         0
                stringtext4                        184A     184A        F         0
                stringtext3                        1820     1820       16         0
                stringtext2                        1800     1800       20         0
                stringtext1                        1836     1836       14         0

        CLASS   STRING         

        CLASS   CONST          

        CLASS   ENTRY          

        CLASS   COMMON         
                cstackCOMMON                         70       70        6         1
                bssCOMMON                            76       76        4         1

        CLASS   BANK0          
                cstackBANK0                          20       20       4F         1
                bssBANK0                             6F       6F        1         1

        CLASS   BANK1          
                cstackBANK1                          D3       D3       10         1
                dataBANK1                            E3       E3        C         1
                bssBANK1                             A0       A0       33         1

        CLASS   BANK2          
                cstackBANK2                         15F      15F        4         1
                dataBANK2                           14F      14F       10         1
                bssBANK2                            120      120       2F         1

        CLASS   BANK3          
                bssBANK3                            1A0      1A0       20         1

        CLASS   BANK4          

        CLASS   BANK5          

        CLASS   BANK6          

        CLASS   BANK7          

        CLASS   BANK8          

        CLASS   BANK9          

        CLASS   BANK10         

        CLASS   BANK11         

        CLASS   BANK12         

        CLASS   BIGRAM         

        CLASS   RAM            

        CLASS   ABS1           
                abs_s1                               7E       7E        2         1

        CLASS   SFR0           

        CLASS   SFR1           

        CLASS   SFR2           

        CLASS   SFR3           

        CLASS   SFR4           

        CLASS   SFR5           

        CLASS   SFR6           

        CLASS   SFR7           

        CLASS   SFR8           

        CLASS   SFR9           

        CLASS   SFR10          

        CLASS   SFR11          

        CLASS   SFR12          

        CLASS   SFR13          

        CLASS   SFR14          

        CLASS   SFR15          

        CLASS   SFR16          

        CLASS   SFR17          

        CLASS   SFR18          

        CLASS   SFR19          

        CLASS   SFR20          

        CLASS   SFR21          

        CLASS   SFR22          

        CLASS   SFR23          

        CLASS   SFR24          

        CLASS   SFR25          

        CLASS   SFR26          

        CLASS   SFR27          

        CLASS   SFR28          

        CLASS   SFR29          

        CLASS   SFR30          

        CLASS   SFR31          

        CLASS   CONFIG         
                config                             8007     8007        4         4

        CLASS   IDLOC          

        CLASS   EEDATA         

        CLASS   BANK31         

        CLASS   BANK30         

        CLASS   BANK29         

        CLASS   BANK28         

        CLASS   BANK27         

        CLASS   BANK26         

        CLASS   BANK25         

        CLASS   BANK24         

        CLASS   BANK23         

        CLASS   BANK22         

        CLASS   BANK21         

        CLASS   BANK20         

        CLASS   BANK19         

        CLASS   BANK18         

        CLASS   BANK17         

        CLASS   BANK16         

        CLASS   BANK15         

        CLASS   BANK14         

        CLASS   BANK13         

        CLASS   HEAP           

        CLASS   STACK          



SEGMENTS        Name                           Load    Length   Top    Selector   Space  Class     Delta

                reset_vec                      000000  000003  000003         0       0  CODE        2
                text81                         000003  000001  000004         6       0  CODE        2
                intentry                       000004  0007FC  000800         8       0  CODE        2
                cstackBANK0                    000020  000050  000070        20       1  BANK0       1
                cstackCOMMON                   000070  00000A  00007A        70       1  COMMON      1
                bssBANK1                       0000A0  00004F  0000EF        A0       1  BANK1       1
                bssBANK2                       000120  000043  000163       120       1  BANK2       1
                bssBANK3                       0001A0  000020  0001C0       1A0       1  BANK3       1
                text23                         000800  000027  000827      1000       0  CODE        2
                text79                         000827  000039  000860      104E       0  CODE        2
                text58                         000860  000039  000899      10C0       0  CODE        2
                text60                         000899  00003C  0008D5      1132       0  CODE        2
                text27                         0008D5  00003D  000912      11AA       0  CODE        2
                text9                          000912  000040  000952      1224       0  CODE        2
                text31                         000952  00004B  00099D      12A4       0  CODE        2
                text32                         00099D  00005B  0009F8      133A       0  CODE        2
                text13                         0009F8  00005B  000A53      13F0       0  CODE        2
                maintext                       000A53  00005E  000AB1      14A6       0  CODE        2
                text43                         000AB1  00005F  000B10      1562       0  CODE        2
                text24                         000B10  00005F  000B6F      1620       0  CODE        2
                text28                         000B6F  000062  000BD1      16DE       0  CODE        2
                text72                         000BD1  000071  000C42      17A2       0  CODE        2
                text20                         000C42  000094  000CD6      1884       0  CODE        2
                text17                         000CD6  00009F  000D75      19AC       0  CODE        2
                text71                         000D75  0000AB  000E20      1AEA       0  CODE        2
                text68                         000E20  0000E8  000F08      1C40       0  CODE        2
                text11                         000F08  0000F8  001000      1E10       0  CODE        2
                text37                         0013A1  000003  0013A4      2742       0  CODE        2
                text82                         0013A4  000004  0013A8      2748       0  CODE        2
                text80                         0013A8  000004  0013AC      2750       0  CODE        2
                text50                         0013AC  000004  0013B0      2758       0  CODE        2
                text48                         0013B0  000005  0013B5      2760       0  CODE        2
                text42                         0013B5  000005  0013BA      276A       0  CODE        2
                text40                         0013BA  000005  0013BF      2774       0  CODE        2
                text34                         0013BF  000005  0013C4      277E       0  CODE        2
                text88                         0013C4  000006  0013CA      2788       0  CODE        2
                text67                         0013CA  000006  0013D0      2794       0  CODE        2
                text65                         0013D0  000006  0013D6      27A0       0  CODE        2
                text64                         0013D6  000006  0013DC      27AC       0  CODE        2
                text63                         0013DC  000006  0013E2      27B8       0  CODE        2
                text62                         0013E2  000006  0013E8      27C4       0  CODE        2
                text61                         0013E8  000006  0013EE      27D0       0  CODE        2
                clrtext                        0013EE  000006  0013F4      27DC       0  CODE        2
                inittext                       0013F4  000006  0013FA      27E8       0  CODE        2
                text57                         0013FA  000008  001402      27F4       0  CODE        2
                text53                         001402  000008  00140A      2804       0  CODE        2
                text15                         00140A  000009  001413      2814       0  CODE        2
                text14                         001413  000009  00141C      2826       0  CODE        2
                text54                         00141C  00000A  001426      2838       0  CODE        2
                text52                         001426  00000A  001430      284C       0  CODE        2
                text51                         001430  00000A  00143A      2860       0  CODE        2
                text36                         00143A  00000A  001444      2874       0  CODE        2
                text35                         001444  00000A  00144E      2888       0  CODE        2
                text70                         00144E  00000B  001459      289C       0  CODE        2
                text69                         001459  00000B  001464      28B2       0  CODE        2
                text46                         001464  00000B  00146F      28C8       0  CODE        2
                text59                         00146F  00000C  00147B      28DE       0  CODE        2
                text56                         00147B  00000C  001487      28F6       0  CODE        2
                text44                         001487  00000C  001493      290E       0  CODE        2
                text8                          001493  00000C  00149F      2926       0  CODE        2
                idataBANK1                     00149F  00000C  0014AB      293E       0  CODE        2
                text87                         0014AB  00000D  0014B8      2956       0  CODE        2
                text47                         0014B8  00000D  0014C5      2970       0  CODE        2
                text45                         0014C5  00000D  0014D2      298A       0  CODE        2
                text84                         0014D2  00000F  0014E1      29A4       0  CODE        2
                text18                         0014E1  000010  0014F1      29C2       0  CODE        2
                idataBANK2                     0014F1  000010  001501      29E2       0  CODE        2
                text39                         001501  000011  001512      2A02       0  CODE        2
                text38                         001512  000011  001523      2A24       0  CODE        2
                text66                         001523  000012  001535      2A46       0  CODE        2
                text55                         001535  000014  001549      2A6A       0  CODE        2
                text10                         001549  000016  00155F      2A92       0  CODE        2
                text41                         00155F  000017  001576      2ABE       0  CODE        2
                text83                         001576  000019  00158F      2AEC       0  CODE        2
                text76                         00158F  000019  0015A8      2B1E       0  CODE        2
                text29                         0015A8  00001A  0015C2      2B50       0  CODE        2
                text6                          0015C2  00001A  0015DC      2B84       0  CODE        2
                text5                          0015DC  00001A  0015F6      2BB8       0  CODE        2
                text7                          0015F6  00001B  001611      2BEC       0  CODE        2
                text4                          001611  00001C  00162D      2C22       0  CODE        2
                text2                          00162D  00001C  001649      2C5A       0  CODE        2
                text3                          001649  00001D  001666      2C92       0  CODE        2
                text19                         001666  00001E  001684      2CCC       0  CODE        2
                text33                         001684  000020  0016A4      2D08       0  CODE        2
                text78                         0016A4  000022  0016C6      2D48       0  CODE        2
                text74                         0016C6  000024  0016EA      2D8C       0  CODE        2
                text16                         0016EA  000024  00170E      2DD4       0  CODE        2
                text49                         00170E  000025  001733      2E1C       0  CODE        2
                text30                         001733  000027  00175A      2E66       0  CODE        2
                text26                         00175A  000035  00178F      2EB4       0  CODE        2
                text22                         00178F  000038  0017C7      2F1E       0  CODE        2
                text86                         0017C7  000039  001800      2F8E       0  CODE        2
                stringtext2                    001800  0000B6  0018B6      3000       0  STRCODE     2


UNUSED ADDRESS RANGES

        Name                Unused          Largest block    Delta
        BANK1            000EF-000EF               1           1
        BANK10           00520-0056F              50           1
        BANK11           005A0-005EF              50           1
        BANK12           00620-0064F              30           1
        BANK2            00163-0016F               D           1
        BANK3            001C0-001EF              30           1
        BANK4            00220-0026F              50           1
        BANK5            002A0-002EF              50           1
        BANK6            00320-0036F              50           1
        BANK7            003A0-003EF              50           1
        BANK8            00420-0046F              50           1
        BANK9            004A0-004EF              50           1
        BIGRAM           02000-023EF             3F0           1
        CODE             01000-013A0             3A1           2
                         018B6-01FFF             74A
        COMMON           0007A-0007D               4           1
        CONST            01000-013A0             100           2
                         018B6-01FFF             100
        EEDATA           0F000-0F0FF             100           2
        ENTRY            01000-013A0             100           2
                         018B6-01FFF             100
        IDLOC            08000-08003               4           2
        RAM              000EF-000EF               1           1
                         00163-0016F               D
                         001C0-001EF              30
                         00220-0026F              50
                         002A0-002EF              50
                         00320-0036F              50
                         003A0-003EF              50
                         00420-0046F              50
                         004A0-004EF              50
                         00520-0056F              50
                         005A0-005EF              50
                         00620-0064F              30
        SFR0             00000-0001F              20           1
        SFR1             00080-0009F              20           1
        SFR10            00500-0051F              20           1
        SFR11            00580-0059F              20           1
        SFR12            00600-0061F              20           1
        SFR13            00680-006EF              70           1
        SFR14            00700-0076F              70           1
        SFR15            00780-007EF              70           1
        SFR16            00800-0086F              70           1
        SFR17            00880-008EF              70           1
        SFR18            00900-0096F              70           1
        SFR19            00980-009EF              70           1
        SFR2             00100-0011F              20           1
        SFR20            00A00-00A6F              70           1
        SFR21            00A80-00AEF              70           1
        SFR22            00B00-00B6F              70           1
        SFR23            00B80-00BEF              70           1
        SFR24            00C00-00C6F              70           1
        SFR25            00C80-00CEF              70           1
        SFR26            00D00-00D6F              70           1
        SFR27            00D80-00DEF              70           1
        SFR28            00E00-00E6F              70           1
        SFR29            00E80-00EEF              70           1
        SFR3             00180-0019F              20           1
        SFR30            00F00-00F6F              70           1
        SFR31            00F80-00FEF              70           1
        SFR4             00200-0021F              20           1
        SFR5             00280-0029F              20           1
        SFR6             00300-0031F              20           1
        SFR7             00380-0039F              20           1
        SFR8             00400-0041F              20           1
        SFR9             00480-0049F              20           1
        STRCODE          01000-013A0             3A1           2
                         018B6-01FFF             74A
        STRING           01000-013A0             100           2
                         018B6-01FFF             100

                                  Symbol Table

?_ADC_GetConversionResult                      cstackCOMMON 00070
?_PI_GetKi                                     cstackBANK0  00020
?_PI_GetKp                                     cstackBANK0  00020
?__Umul8_16                                    cstackCOMMON 00074
?___fladd                                      cstackBANK0  0002E
?___fldiv                                      cstackBANK0  00020
?___flmul                                      cstackBANK0  0004A
?___flsub                                      cstackBANK0  00042
?___fltol                                      cstackBANK0  00064
?___lldiv                                      cstackBANK0  00020
?___llmod                                      cstackBANK0  00020
?___lwdiv                                      cstackBANK0  00020
?___lwmod                                      cstackBANK0  00020
?___xxtofl                                     cstackBANK0  00020
?_printf                                       cstackBANK0  0005D
?_str2float                                    cstackBANK0  00064
?_vfprintf                                     cstackBANK0  00055
ADC_SelectChannel@channel                      cstackCOMMON 00075
ADC_SetInterruptHandler@InterruptHandler       cstackCOMMON 00074
EUSART_Read@readValue                          cstackCOMMON 00075
EUSART_SetErrorHandler@interruptHandler        cstackCOMMON 00074
EUSART_SetFramingErrorHandler@interruptHandler cstackCOMMON 00074
EUSART_SetOverrunErrorHandler@interruptHandler cstackCOMMON 00074
EUSART_SetRxInterruptHandler@interruptHandler  cstackCOMMON 00074
EUSART_SetTxInterruptHandler@interruptHandler  cstackCOMMON 00074
EUSART_Write@txData                            cstackCOMMON 00075
PI_SetKi@value                                 cstackBANK1  000DD
PI_SetKp@value                                 cstackBANK1  000DD
PI_SetSetpoint@value                           cstackCOMMON 00074
PWM5_LoadDutyValue@dutyValue                   cstackCOMMON 00074
SPI1_ExchangeByte@data                         cstackCOMMON 00074
SPI1_Open@spi1UniqueConfiguration              cstackCOMMON 00074
Send_LED_EndFrame@i                            cstackBANK0  00020
Send_LED_Frame@blue                            cstackBANK0  00020
Send_LED_Frame@green                           cstackBANK0  00021
Send_LED_Frame@intensity                       cstackCOMMON 00075
Send_LED_Frame@red                             cstackBANK0  00022
Send_LED_StartFrame@i                          cstackBANK0  00020
TMR6_HasOverflowOccured@status                 cstackCOMMON 00074
_ADACT                                         (abs)        0009F
_ADCON0                                        (abs)        0009D
_ADCON0bits                                    (abs)        0009D
_ADCON1                                        (abs)        0009E
_ADC_DefaultInterruptHandler                   text85       00002
_ADC_GetConversionResult                       text88       013C4
_ADC_ISR                                       text84       014D2
_ADC_Initialize                                text66       01523
_ADC_InterruptHandler                          bssBANK1     000BC
_ADC_SelectChannel                             text45       014C5
_ADC_SetInterruptHandler                       text67       013CA
_ADRESH                                        (abs)        0009C
_ADRESL                                        (abs)        0009B
_ANSELA                                        (abs)        0018C
_ANSELB                                        (abs)        0018D
_ANSELC                                        (abs)        0018E
_BAUD1CON                                      (abs)        0019F
_EUSART_DefaultErrorHandler                    text82       013A4
_EUSART_DefaultFramingErrorHandler             text81       00003
_EUSART_DefaultOverrunErrorHandler             text80       013A8
_EUSART_ErrorHandler                           bssBANK1     000BE
_EUSART_FramingErrorHandler                    bssBANK1     000C2
_EUSART_Initialize                             text60       00899
_EUSART_OverrunErrorHandler                    bssBANK1     000C0
_EUSART_Read                                   text16       016EA
_EUSART_Receive_ISR                            text79       00827
_EUSART_RxDataHandler                          text83       01576
_EUSART_RxDefaultInterruptHandler              bssBANK1     000C4
_EUSART_SetErrorHandler                        text65       013D0
_EUSART_SetFramingErrorHandler                 text64       013D6
_EUSART_SetOverrunErrorHandler                 text63       013DC
_EUSART_SetRxInterruptHandler                  text62       013E2
_EUSART_SetTxInterruptHandler                  text61       013E8
_EUSART_Transmit_ISR                           text78       016A4
_EUSART_TxDefaultInterruptHandler              bssBANK1     000C6
_EUSART_Write                                  text30       01733
_EUSART_is_rx_ready                            text15       0140A
_INLVLA                                        (abs)        0038C
_INLVLB                                        (abs)        0038D
_INLVLC                                        (abs)        0038E
_INTCONbits                                    (abs)        0000B
_INTERRUPT_InterruptManager                    intentry     00004
_LATA                                          (abs)        0010C
_LATAbits                                      (abs)        0010C
_LATB                                          (abs)        0010D
_LATC                                          (abs)        0010E
_MASTER0_open                                  text42       013B5
_ODCONA                                        (abs)        0028C
_ODCONB                                        (abs)        0028D
_ODCONC                                        (abs)        0028E
_OSCCON1                                       (abs)        00919
_OSCCON3                                       (abs)        0091B
_OSCEN                                         (abs)        0091D
_OSCFRQ                                        (abs)        0091F
_OSCILLATOR_Initialize                         text59       0146F
_OSCTUNE                                       (abs)        0091E
_PI                                            text68       00E20
_PIE1bits                                      (abs)        00091
_PIN_MANAGER_Initialize                        text58       00860
_PIR0bits                                      (abs)        00010
_PIR1bits                                      (abs)        00011
_PIR2bits                                      (abs)        00012
_PI_GetKi                                      text39       01501
_PI_GetKp                                      text38       01512
_PI_GetSetPoint                                text37       013A1
_PI_SetKi                                      text36       0143A
_PI_SetKp                                      text35       01444
_PI_SetSetpoint                                text34       013BF
_PLLR                                          (abs)        048E0
_PMD0                                          (abs)        00911
_PMD1                                          (abs)        00912
_PMD2                                          (abs)        00913
_PMD3                                          (abs)        00914
_PMD4                                          (abs)        00915
_PMD5                                          (abs)        00916
_PMD_Initialize                                text57       013FA
_PR2                                           (abs)        0001E
_PR4                                           (abs)        00416
_PR6                                           (abs)        0041D
_PWM5CON                                       (abs)        00619
_PWM5DCH                                       (abs)        00618
_PWM5DCL                                       (abs)        00617
_PWM5_Initialize                               text56       0147B
_PWM5_LoadDutyValue                            text76       0158F
_PWMTMRSbits                                   (abs)        0061F
_RB4PPS                                        (abs)        00E9C
_RB6PPS                                        (abs)        00E9E
_RB7PPS                                        (abs)        00E9F
_RC1REG                                        (abs)        00199
_RC1STA                                        (abs)        0019D
_RC1STAbits                                    (abs)        0019D
_RC5PPS                                        (abs)        00EA5
_RXPPS                                         (abs)        00E24
_SLRCONA                                       (abs)        0030C
_SLRCONB                                       (abs)        0030D
_SLRCONC                                       (abs)        0030E
_SP1BRGH                                       (abs)        0019C
_SP1BRGL                                       (abs)        0019B
_SPI1_Close                                    (abs)        00000
_SPI1_ExchangeBlock                            (abs)        00000
_SPI1_ExchangeByte                             text8        01493
_SPI1_Initialize                               text55       01535
_SPI1_Open                                     text43       00AB1
_SPI1_ReadBlock                                (abs)        00000
_SPI1_ReadByte                                 (abs)        00000
_SPI1_WriteBlock                               (abs)        00000
_SPI1_WriteByte                                (abs)        00000
_SSP1ADD                                       (abs)        00212
_SSP1BUF                                       (abs)        00211
_SSP1CLKPPS                                    (abs)        00E20
_SSP1CON1                                      (abs)        00215
_SSP1CON1bits                                  (abs)        00215
_SSP1CON2                                      (abs)        00216
_SSP1DATPPS                                    (abs)        00E21
_SSP1STAT                                      (abs)        00214
_SYSTEM_Initialize                             text49       0170E
_Send_LED_EndFrame                             text7        015F6
_Send_LED_Frame                                text6        015C2
_Send_LED_StartFrame                           text5        015DC
_T0CON0                                        (abs)        00017
_T0CON0bits                                    (abs)        00017
_T0CON1                                        (abs)        00018
_T2CON                                         (abs)        0001F
_T2CONbits                                     (abs)        0001F
_T4CON                                         (abs)        00417
_T4CONbits                                     (abs)        00417
_T6CON                                         (abs)        0041E
_T6CONbits                                     (abs)        0041E
_TMR0H                                         (abs)        00016
_TMR0L                                         (abs)        00015
_TMR0_HasOverflowOccured                       text48       013B0
_TMR0_Initialize                               text54       0141C
_TMR2                                          (abs)        0001D
_TMR2_Initialize                               text53       01402
_TMR4                                          (abs)        00415
_TMR4_Initialize                               text52       01426
_TMR6                                          (abs)        0041C
_TMR6_HasOverflowOccured                       text47       014B8
_TMR6_Initialize                               text51       01430
_TRISA                                         (abs)        0008C
_TRISB                                         (abs)        0008D
_TRISBbits                                     (abs)        0008D
_TRISC                                         (abs)        0008E
_TX1REG                                        (abs)        0019A
_TX1STA                                        (abs)        0019E
_TX1STAbits                                    (abs)        0019E
_WDTCON                                        (abs)        00097
_WDT_Initialize                                text50       013AC
_WPUA                                          (abs)        0020C
_WPUB                                          (abs)        0020D
_WPUC                                          (abs)        0020E
__H__absolute__                                __absolute__ 00000
__Habs1                                        abs1         00000
__Hbank0                                       bank0        00000
__Hbank1                                       bank1        00000
__Hbank10                                      bank10       00000
__Hbank11                                      bank11       00000
__Hbank12                                      bank12       00000
__Hbank13                                      bank13       00000
__Hbank14                                      bank14       00000
__Hbank15                                      bank15       00000
__Hbank16                                      bank16       00000
__Hbank17                                      bank17       00000
__Hbank18                                      bank18       00000
__Hbank19                                      bank19       00000
__Hbank2                                       bank2        00000
__Hbank20                                      bank20       00000
__Hbank21                                      bank21       00000
__Hbank22                                      bank22       00000
__Hbank23                                      bank23       00000
__Hbank24                                      bank24       00000
__Hbank25                                      bank25       00000
__Hbank26                                      bank26       00000
__Hbank27                                      bank27       00000
__Hbank28                                      bank28       00000
__Hbank29                                      bank29       00000
__Hbank3                                       bank3        00000
__Hbank30                                      bank30       00000
__Hbank31                                      bank31       00000
__Hbank4                                       bank4        00000
__Hbank5                                       bank5        00000
__Hbank6                                       bank6        00000
__Hbank7                                       bank7        00000
__Hbank8                                       bank8        00000
__Hbank9                                       bank9        00000
__Hbigram                                      bigram       00000
__HbssBANK0                                    bssBANK0     00000
__HbssBANK1                                    bssBANK1     00000
__HbssBANK2                                    bssBANK2     00000
__HbssBANK3                                    bssBANK3     00000
__HbssCOMMON                                   bssCOMMON    00000
__Hcinit                                       cinit        00077
__Hclrtext                                     clrtext      00000
__Hcode                                        code         00000
__Hcommon                                      common       00000
__Hconfig                                      config       0800B
__HcstackBANK0                                 cstackBANK0  00000
__HcstackBANK1                                 cstackBANK1  00000
__HcstackBANK2                                 cstackBANK2  00000
__HcstackCOMMON                                cstackCOMMON 00000
__HdataBANK1                                   dataBANK1    00000
__HdataBANK2                                   dataBANK2    00000
__Heeprom_data                                 eeprom_data  00000
__Hend_init                                    end_init     0003E
__Hfunctab                                     functab      00000
__Hheap                                        heap         00000
__HidataBANK1                                  idataBANK1   00000
__HidataBANK2                                  idataBANK2   00000
__Hinit                                        init         0003C
__Hinittext                                    inittext     00000
__Hintentry                                    intentry     0003C
__Hmaintext                                    maintext     00000
__Hpowerup                                     powerup      00000
__Hram                                         ram          00000
__Hreset_vec                                   reset_vec    00002
__Hsfr0                                        sfr0         00000
__Hsfr1                                        sfr1         00000
__Hsfr10                                       sfr10        00000
__Hsfr11                                       sfr11        00000
__Hsfr12                                       sfr12        00000
__Hsfr13                                       sfr13        00000
__Hsfr14                                       sfr14        00000
__Hsfr15                                       sfr15        00000
__Hsfr16                                       sfr16        00000
__Hsfr17                                       sfr17        00000
__Hsfr18                                       sfr18        00000
__Hsfr19                                       sfr19        00000
__Hsfr2                                        sfr2         00000
__Hsfr20                                       sfr20        00000
__Hsfr21                                       sfr21        00000
__Hsfr22                                       sfr22        00000
__Hsfr23                                       sfr23        00000
__Hsfr24                                       sfr24        00000
__Hsfr25                                       sfr25        00000
__Hsfr26                                       sfr26        00000
__Hsfr27                                       sfr27        00000
__Hsfr28                                       sfr28        00000
__Hsfr29                                       sfr29        00000
__Hsfr3                                        sfr3         00000
__Hsfr30                                       sfr30        00000
__Hsfr31                                       sfr31        00000
__Hsfr4                                        sfr4         00000
__Hsfr5                                        sfr5         00000
__Hsfr6                                        sfr6         00000
__Hsfr7                                        sfr7         00000
__Hsfr8                                        sfr8         00000
__Hsfr9                                        sfr9         00000
__Hspace_0                                     (abs)        018B6
__Hspace_1                                     (abs)        001C0
__Hspace_2                                     (abs)        00000
__Hspace_3                                     (abs)        00000
__Hspace_4                                     (abs)        10012
__Hstack                                       stack        00000
__Hstrings                                     strings      00000
__Hstringtext1                                 stringtext1  00000
__Hstringtext10                                stringtext10 00000
__Hstringtext11                                stringtext11 00000
__Hstringtext12                                stringtext12 00000
__Hstringtext13                                stringtext13 00000
__Hstringtext14                                stringtext14 00000
__Hstringtext15                                stringtext15 00000
__Hstringtext16                                stringtext16 00000
__Hstringtext17                                stringtext17 00000
__Hstringtext2                                 stringtext2  00000
__Hstringtext3                                 stringtext3  00000
__Hstringtext4                                 stringtext4  00000
__Hstringtext5                                 stringtext5  00000
__Hstringtext6                                 stringtext6  00000
__Hstringtext7                                 stringtext7  00000
__Hstringtext8                                 stringtext8  00000
__Hstringtext9                                 stringtext9  00000
__Htext                                        text         00000
__L__absolute__                                __absolute__ 00000
__Labs1                                        abs1         00000
__Lbank0                                       bank0        00000
__Lbank1                                       bank1        00000
__Lbank10                                      bank10       00000
__Lbank11                                      bank11       00000
__Lbank12                                      bank12       00000
__Lbank13                                      bank13       00000
__Lbank14                                      bank14       00000
__Lbank15                                      bank15       00000
__Lbank16                                      bank16       00000
__Lbank17                                      bank17       00000
__Lbank18                                      bank18       00000
__Lbank19                                      bank19       00000
__Lbank2                                       bank2        00000
__Lbank20                                      bank20       00000
__Lbank21                                      bank21       00000
__Lbank22                                      bank22       00000
__Lbank23                                      bank23       00000
__Lbank24                                      bank24       00000
__Lbank25                                      bank25       00000
__Lbank26                                      bank26       00000
__Lbank27                                      bank27       00000
__Lbank28                                      bank28       00000
__Lbank29                                      bank29       00000
__Lbank3                                       bank3        00000
__Lbank30                                      bank30       00000
__Lbank31                                      bank31       00000
__Lbank4                                       bank4        00000
__Lbank5                                       bank5        00000
__Lbank6                                       bank6        00000
__Lbank7                                       bank7        00000
__Lbank8                                       bank8        00000
__Lbank9                                       bank9        00000
__Lbigram                                      bigram       00000
__LbssBANK0                                    bssBANK0     00000
__LbssBANK1                                    bssBANK1     00000
__LbssBANK2                                    bssBANK2     00000
__LbssBANK3                                    bssBANK3     00000
__LbssCOMMON                                   bssCOMMON    00000
__Lcinit                                       cinit        0003E
__Lclrtext                                     clrtext      00000
__Lcode                                        code         00000
__Lcommon                                      common       00000
__Lconfig                                      config       00000
__LcstackBANK0                                 cstackBANK0  00000
__LcstackBANK1                                 cstackBANK1  00000
__LcstackBANK2                                 cstackBANK2  00000
__LcstackCOMMON                                cstackCOMMON 00000
__LdataBANK1                                   dataBANK1    00000
__LdataBANK2                                   dataBANK2    00000
__Leeprom_data                                 eeprom_data  00000
__Lend_init                                    end_init     0003C
__Lfunctab                                     functab      00000
__Lheap                                        heap         00000
__LidataBANK1                                  idataBANK1   00000
__LidataBANK2                                  idataBANK2   00000
__Linit                                        init         0003C
__Linittext                                    inittext     00000
__Lintentry                                    intentry     00004
__Lmaintext                                    maintext     00000
__Lpowerup                                     powerup      00000
__Lram                                         ram          00000
__Lreset_vec                                   reset_vec    00000
__Lsfr0                                        sfr0         00000
__Lsfr1                                        sfr1         00000
__Lsfr10                                       sfr10        00000
__Lsfr11                                       sfr11        00000
__Lsfr12                                       sfr12        00000
__Lsfr13                                       sfr13        00000
__Lsfr14                                       sfr14        00000
__Lsfr15                                       sfr15        00000
__Lsfr16                                       sfr16        00000
__Lsfr17                                       sfr17        00000
__Lsfr18                                       sfr18        00000
__Lsfr19                                       sfr19        00000
__Lsfr2                                        sfr2         00000
__Lsfr20                                       sfr20        00000
__Lsfr21                                       sfr21        00000
__Lsfr22                                       sfr22        00000
__Lsfr23                                       sfr23        00000
__Lsfr24                                       sfr24        00000
__Lsfr25                                       sfr25        00000
__Lsfr26                                       sfr26        00000
__Lsfr27                                       sfr27        00000
__Lsfr28                                       sfr28        00000
__Lsfr29                                       sfr29        00000
__Lsfr3                                        sfr3         00000
__Lsfr30                                       sfr30        00000
__Lsfr31                                       sfr31        00000
__Lsfr4                                        sfr4         00000
__Lsfr5                                        sfr5         00000
__Lsfr6                                        sfr6         00000
__Lsfr7                                        sfr7         00000
__Lsfr8                                        sfr8         00000
__Lsfr9                                        sfr9         00000
__Lspace_0                                     (abs)        00000
__Lspace_1                                     (abs)        00000
__Lspace_2                                     (abs)        00000
__Lspace_3                                     (abs)        00000
__Lspace_4                                     (abs)        00000
__Lstack                                       stack        00000
__Lstrings                                     strings      00000
__Lstringtext1                                 stringtext1  00000
__Lstringtext10                                stringtext10 00000
__Lstringtext11                                stringtext11 00000
__Lstringtext12                                stringtext12 00000
__Lstringtext13                                stringtext13 00000
__Lstringtext14                                stringtext14 00000
__Lstringtext15                                stringtext15 00000
__Lstringtext16                                stringtext16 00000
__Lstringtext17                                stringtext17 00000
__Lstringtext2                                 stringtext2  00000
__Lstringtext3                                 stringtext3  00000
__Lstringtext4                                 stringtext4  00000
__Lstringtext5                                 stringtext5  00000
__Lstringtext6                                 stringtext6  00000
__Lstringtext7                                 stringtext7  00000
__Lstringtext8                                 stringtext8  00000
__Lstringtext9                                 stringtext9  00000
__Ltext                                        text         00000
__S0                                           (abs)        018B6
__S1                                           (abs)        001C0
__S3                                           (abs)        00000
__Umul8_16                                     text74       016C6
__Umul8_16@multiplicand                        cstackCOMMON 00074
__Umul8_16@multiplier                          cstackBANK0  00026
__Umul8_16@product                             cstackBANK0  00022
__Umul8_16@word_mpld                           cstackBANK0  00024
___bmul                                        text10       01549
___bmul@multiplicand                           cstackCOMMON 00074
___bmul@multiplier                             cstackBANK0  00021
___bmul@product                                cstackBANK0  00020
___fladd                                       text75       002B2
___fladd@a                                     cstackBANK0  00032
___fladd@aexp                                  cstackBANK0  0003F
___fladd@b                                     cstackBANK0  0002E
___fladd@bexp                                  cstackBANK0  00040
___fladd@grs                                   cstackBANK0  00041
___fladd@signs                                 cstackBANK0  0003E
___fldiv                                       text12       004BA
___fldiv@a                                     cstackBANK0  00020
___fldiv@aexp                                  cstackBANK0  00039
___fldiv@b                                     cstackBANK0  00024
___fldiv@bexp                                  cstackBANK0  00038
___fldiv@grs                                   cstackBANK0  00034
___fldiv@new_exp                               cstackBANK0  00032
___fldiv@rem                                   cstackBANK0  0002D
___fldiv@sign                                  cstackBANK0  00031
___flmul                                       text73       00077
___flmul@a                                     cstackBANK0  0004E
___flmul@aexp                                  cstackBANK0  00058
___flmul@b                                     cstackBANK0  0004A
___flmul@bexp                                  cstackBANK0  0005D
___flmul@grs                                   cstackBANK0  00059
___flmul@prod                                  cstackBANK0  0005E
___flmul@sign                                  cstackBANK0  00057
___flmul@temp                                  cstackBANK0  00062
___flsub                                       text33       01684
___flsub@a                                     cstackBANK0  00042
___flsub@b                                     cstackBANK0  00046
___fltol                                       text72       00BD1
___fltol@exp1                                  cstackBANK0  0006D
___fltol@f1                                    cstackBANK0  00064
___fltol@sign1                                 cstackBANK0  0006C
___heap_hi                                     (abs)        00000
___heap_lo                                     (abs)        00000
___int_sp                                      stack        00000
___latbits                                     (abs)        00002
___lldiv                                       text32       0099D
___lldiv@counter                               cstackBANK0  0002C
___lldiv@dividend                              cstackBANK0  00024
___lldiv@divisor                               cstackBANK0  00020
___lldiv@quotient                              cstackBANK0  00028
___llmod                                       text31       00952
___llmod@counter                               cstackCOMMON 00075
___llmod@dividend                              cstackBANK0  00024
___llmod@divisor                               cstackBANK0  00020
___lwdiv                                       text27       008D5
___lwdiv@counter                               cstackBANK0  00024
___lwdiv@dividend                              cstackBANK0  00022
___lwdiv@divisor                               cstackBANK0  00020
___lwdiv@quotient                              cstackBANK0  00025
___lwmod                                       text26       0175A
___lwmod@counter                               cstackCOMMON 00075
___lwmod@dividend                              cstackBANK0  00022
___lwmod@divisor                               cstackBANK0  00020
___sp                                          stack        00000
___stackhi                                     (abs)        00000
___stacklo                                     (abs)        00000
___xxtofl                                      text71       00D75
___xxtofl@arg                                  cstackBANK0  0002A
___xxtofl@exp                                  cstackBANK0  00029
___xxtofl@sign                                 cstackBANK0  00028
___xxtofl@val                                  cstackBANK0  00020
__end_of_ADC_DefaultInterruptHandler           text85       00003
__end_of_ADC_GetConversionResult               text88       013CA
__end_of_ADC_ISR                               text84       014E1
__end_of_ADC_Initialize                        text66       01535
__end_of_ADC_SelectChannel                     text45       014D2
__end_of_ADC_SetInterruptHandler               text67       013D0
__end_of_EUSART_DefaultErrorHandler            text82       013A8
__end_of_EUSART_DefaultFramingErrorHandler     text81       00004
__end_of_EUSART_DefaultOverrunErrorHandler     text80       013AC
__end_of_EUSART_Initialize                     text60       008D5
__end_of_EUSART_Read                           text16       0170E
__end_of_EUSART_Receive_ISR                    text79       00860
__end_of_EUSART_RxDataHandler                  text83       0158F
__end_of_EUSART_SetErrorHandler                text65       013D6
__end_of_EUSART_SetFramingErrorHandler         text64       013DC
__end_of_EUSART_SetOverrunErrorHandler         text63       013E2
__end_of_EUSART_SetRxInterruptHandler          text62       013E8
__end_of_EUSART_SetTxInterruptHandler          text61       013EE
__end_of_EUSART_Transmit_ISR                   text78       016C6
__end_of_EUSART_Write                          text30       0175A
__end_of_EUSART_is_rx_ready                    text15       01413
__end_of_INTERRUPT_InterruptManager            intentry     0003C
__end_of_MASTER0_open                          text42       013BA
__end_of_OSCILLATOR_Initialize                 text59       0147B
__end_of_PI                                    text68       00F08
__end_of_PIN_MANAGER_Initialize                text58       00899
__end_of_PI_GetKi                              text39       01512
__end_of_PI_GetKp                              text38       01523
__end_of_PI_GetSetPoint                        text37       013A4
__end_of_PI_SetKi                              text36       01444
__end_of_PI_SetKp                              text35       0144E
__end_of_PI_SetSetpoint                        text34       013C4
__end_of_PMD_Initialize                        text57       01402
__end_of_PWM5_Initialize                       text56       01487
__end_of_PWM5_LoadDutyValue                    text76       015A8
__end_of_SPI1_ExchangeByte                     text8        0149F
__end_of_SPI1_Initialize                       text55       01549
__end_of_SPI1_Open                             text43       00B10
__end_of_SYSTEM_Initialize                     text49       01733
__end_of_Send_LED_EndFrame                     text7        01611
__end_of_Send_LED_Frame                        text6        015DC
__end_of_Send_LED_StartFrame                   text5        015F6
__end_of_TMR0_HasOverflowOccured               text48       013B5
__end_of_TMR0_Initialize                       text54       01426
__end_of_TMR2_Initialize                       text53       0140A
__end_of_TMR4_Initialize                       text52       01430
__end_of_TMR6_HasOverflowOccured               text47       014C5
__end_of_TMR6_Initialize                       text51       0143A
__end_of_WDT_Initialize                        text50       013B0
__end_of__Umul8_16                             text74       016EA
__end_of___bmul                                text10       0155F
__end_of___fladd                               text75       004BA
__end_of___fldiv                               text12       00664
__end_of___flmul                               text73       002B2
__end_of___flsub                               text33       016A4
__end_of___fltol                               text72       00C42
__end_of___lldiv                               text32       009F8
__end_of___llmod                               text31       0099D
__end_of___lwdiv                               text27       00912
__end_of___lwmod                               text26       0178F
[...]
__ptext54                                      text54       0141C
__ptext55                                      text55       01535
__ptext56                                      text56       0147B
__ptext57                                      text57       013FA
__ptext58                                      text58       00860
__ptext59                                      text59       0146F
__ptext6                                       text6        015C2
__ptext60                                      text60       00899
__ptext61                                      text61       013E8
__ptext62                                      text62       013E2
__ptext63                                      text63       013DC
__ptext64                                      text64       013D6
__ptext65                                      text65       013D0
__ptext66                                      text66       01523
__ptext67                                      text67       013CA
__ptext68                                      text68       00E20
__ptext69                                      text69       01459
__ptext7                                       text7        015F6
__ptext70                                      text70       0144E
__ptext71                                      text71       00D75
__ptext72                                      text72       00BD1
__ptext73                                      text73       00077
__ptext74                                      text74       016C6
__ptext75                                      text75       002B2
__ptext76                                      text76       0158F
__ptext78                                      text78       016A4
__ptext79                                      text79       00827
__ptext8                                       text8        01493
__ptext80                                      text80       013A8
__ptext81                                      text81       00003
__ptext82                                      text82       013A4
__ptext83                                      text83       01576
__ptext84                                      text84       014D2
__ptext85                                      text85       00002
__ptext86                                      text86       017C7
__ptext87                                      text87       014AB
__ptext88                                      text88       013C4
__ptext9                                       text9        00912
_adcConversionDoneHandler                      text86       017C7
_buffer                                        dataBANK2    0014F
_dbuf                                          bssBANK3     001A0
_dutycycle                                     bssBANK1     000B6
_error                                         bssBANK1     000BA
_eusartRxBuffer                                bssBANK2     00120
_eusartRxCount                                 bssBANK1     000D1
_eusartRxHead                                  bssCOMMON    00077
_eusartRxLastError                             bssBANK1     000D0
_eusartRxStatusBuffer                          bssBANK1     000A0
_eusartRxTail                                  bssCOMMON    00076
_eusartTxBuffer                                bssBANK2     00128
_eusartTxBufferRemaining                       bssBANK1     000D2
_eusartTxHead                                  bssCOMMON    00079
_eusartTxTail                                  bssCOMMON    00078
_flags                                         bssBANK1     000C8
_fputc                                         text24       00B10
_fputs                                         text23       00800
_getHartslag                                   text46       01464
_getHoogteSensor                               text70       0144E
_getPotentiometer                              text69       01459
_hartslagsensor                                bssBANK1     000B0
_hoogteSensor                                  bssBANK1     000B4
_initAdcMultiplexer                            text44       01487
_initLedStrip                                  text40       013BA
_integral                                      bssBANK1     000A8
_ki                                            dataBANK1    000E7
_kp                                            dataBANK1    000E3
_line                                          bssBANK2     00130
_main                                          maintext     00A53
_mustPrintLogs                                 dataBANK1    000ED
_pad                                           text22       0178F
_potentiometer                                 bssBANK1     000B2
_prec                                          bssBANK1     000AE
_printBuffer                                   bssBANK2     00144
_printFloat                                    text17       00CD6
_printNewLine                                  text14       01413
_printStr                                      text29       015A8
_printUint32                                   text28       00B6F
_printf                                        text18       014E1
_putch                                         text25       007F9
_readLine                                      text13       009F8
_sensorHeight                                  bssBANK1     000CF
_setpoint                                      dataBANK1    000EE
_spi1_configuration                            stringtext2  01800
_spi_master_open                               text41       0155F
_str2float                                     text11       00F08
_str2uint8                                     text9        00912
_uartHandler                                   text1        00664
_updateLEDstripGroen                           text4        01611
_updateLEDstripOranje                          text3        01649
_updateLEDstripRood                            text2        0162D
_utoa                                          text21       0077D
_vfpfcnvrt                                     text20       00C42
_vfprintf                                      text19       01666
_width                                         bssBANK1     000AC
adcConversionDoneHandler@channel               dataBANK1    000EB
btemp                                          (abs)        0007E
clear_ram0                                     clrtext      013EE
end_of_initialization                          cinit        00073
fputc@c                                        cstackBANK0  00021
fputc@fp                                       cstackBANK0  00023
fputs@c                                        cstackBANK0  0002F
fputs@fp                                       cstackBANK0  0002A
fputs@i                                        cstackBANK0  00030
fputs@s                                        cstackBANK0  0002E
i1ADC_SelectChannel@channel                    cstackCOMMON 00071
i1_ADC_SelectChannel                           text87       014AB
init_ram                                       inittext     013F4
int$flags                                      (abs)        0007E
intlevel0                                      functab      00000
intlevel1                                      functab      00000
intlevel2                                      functab      00000
intlevel3                                      functab      00000
intlevel4                                      functab      00000
intlevel5                                      functab      00000
main@printCycle                                bssBANK1     000CE
pad@buf                                        cstackBANK0  00034
pad@fp                                         cstackBANK0  00032
pad@i                                          cstackBANK0  00038
pad@p                                          cstackBANK0  00035
pad@w                                          cstackBANK0  0003A
printFloat@naComma                             cstackBANK1  000D7
printFloat@value                               cstackBANK1  000D3
printFloat@voorComma                           cstackBANK1  000DB
printStr@str                                   cstackBANK0  00021
printUint32@getal                              cstackBANK0  0002D
printUint32@i                                  cstackBANK0  00033
printUint32@leadingZeros                       cstackBANK0  00031
printf@ap                                      cstackBANK0  00063
printf@fmt                                     cstackBANK0  0005D
putch@txData                                   cstackBANK0  00020
readLine@index                                 bssBANK0     0006F
reset_vec                                      reset_vec    00000
spi_master_open@config                         cstackCOMMON 00075
start                                          init         0003C
start_initialization                           cinit        0003E
str2float@cijfer                               cstackBANK1  000DC
str2float@getal                                cstackBANK1  000D8
str2float@i                                    cstackBANK1  000D3
str2float@kommaCounter                         cstackBANK1  000D6
str2float@kommaPresent                         cstackBANK1  000D5
str2float@str                                  cstackBANK1  000D7
str2uint8@cijfer                               cstackBANK0  00026
str2uint8@getal                                cstackBANK0  00027
str2uint8@i                                    cstackBANK0  00024
str2uint8@str                                  cstackBANK0  00023
uartHandler@str                                cstackBANK0  0006E
updateLEDstripGroen@led                        cstackBANK0  00024
updateLEDstripOranje@led                       cstackBANK0  00024
updateLEDstripRood@led                         cstackBANK0  00024
updateLedstripAnimation@blue                   bssBANK1     000CA
updateLedstripAnimation@change_color           bssBANK1     000CB
updateLedstripAnimation@direction              bssBANK1     000CD
updateLedstripAnimation@green                  bssBANK1     000C9
updateLedstripAnimation@led_run                bssBANK1     000CC
updateLedstripAnimation@red                    dataBANK1    000EC
utoa@d                                         cstackBANK0  0003E
utoa@fp                                        cstackBANK0  0003C
utoa@i                                         cstackBANK0  00045
utoa@p                                         cstackBANK0  00043
utoa@w                                         cstackBANK0  00041
vfpfcnvrt@ap                                   cstackBANK0  0004A
vfpfcnvrt@convarg                              cstackBANK0  0004F
vfpfcnvrt@cp                                   cstackBANK0  00053
vfpfcnvrt@fmt                                  cstackBANK0  00049
vfpfcnvrt@fp                                   cstackBANK0  00047
vfprintf@ap                                    cstackBANK0  00059
vfprintf@cfmt                                  cstackBANK0  0005B
vfprintf@fmt                                   cstackBANK0  00057
vfprintf@fp                                    cstackBANK0  00055
wtemp0                                         (abs)        0007E


MODULE INFORMATION

Module		Function		Class		Link	Load	Size
C:\Program Files\Microchip\xc8\v2.41\pic\sources\c99\common\llmod.c
		___llmod       		CODE           	0952	0000	75

C:\Program Files\Microchip\xc8\v2.41\pic\sources\c99\common\llmod.c estimated size: 75

UART.c
		_printStr      		CODE           	15A8	0000	26
		_printNewLine  		CODE           	1413	0000	9
		_printFloat    		CODE           	0CD6	0000	159
		_str2float     		CODE           	0F08	0000	248
		_readLine      		CODE           	09F8	0000	91
		_printUint32   		CODE           	0B6F	0000	98
		_uartHandler   		CODE           	0664	0000	281
		_str2uint8     		CODE           	0912	0000	64

UART.c estimated size: 976

mcc_generated_files/tmr6.c
		_TMR6_HasOverflowOccured		CODE           	14B8	0000	13
		_TMR6_Initialize		CODE           	1430	0000	10

mcc_generated_files/tmr6.c estimated size: 23

C:\Program Files\Microchip\xc8\v2.41\pic\sources\c99\common\Umul8_16.c
		__Umul8_16     		CODE           	16C6	0000	36

C:\Program Files\Microchip\xc8\v2.41\pic\sources\c99\common\Umul8_16.c estimated size: 36

C:\Program Files\Microchip\xc8\v2.41\pic\sources\c99\common\fltol.c
		___fltol       		CODE           	0BD1	0000	113

C:\Program Files\Microchip\xc8\v2.41\pic\sources\c99\common\fltol.c estimated size: 113

mcc_generated_files/tmr4.c
		_TMR4_Initialize		CODE           	1426	0000	10

mcc_generated_files/tmr4.c estimated size: 10

C:\Program Files\Microchip\xc8\v2.41\pic\sources\c99\common\xxtofl.c
		___xxtofl      		CODE           	0D75	0000	171

C:\Program Files\Microchip\xc8\v2.41\pic\sources\c99\common\xxtofl.c estimated size: 171

C:\Program Files\Microchip\xc8\v2.41\pic\sources\c99\common\__lldiv.c
		___lldiv       		CODE           	099D	0000	91

C:\Program Files\Microchip\xc8\v2.41\pic\sources\c99\common\__lldiv.c estimated size: 91

mcc_generated_files/tmr2.c
		_TMR2_Initialize		CODE           	1402	0000	8

mcc_generated_files/tmr2.c estimated size: 8

mcc_generated_files/interrupt_manager.c
		_INTERRUPT_InterruptManager		CODE           	0004	0000	56

mcc_generated_files/interrupt_manager.c estimated size: 56

C:\Program Files\Microchip\xc8\v2.41\pic\sources\c99\common\nf_fputc.c
		_fputc         		CODE           	0B10	0000	95

C:\Program Files\Microchip\xc8\v2.41\pic\sources\c99\common\nf_fputc.c estimated size: 95

mcc_generated_files/tmr0.c
		_TMR0_HasOverflowOccured		CODE           	13B0	0000	5
		_TMR0_Initialize		CODE           	141C	0000	10

mcc_generated_files/tmr0.c estimated size: 15

mcc_generated_files/pin_manager.c
		_PIN_MANAGER_Initialize		CODE           	0860	0000	57

mcc_generated_files/pin_manager.c estimated size: 57

C:\Program Files\Microchip\xc8\v2.41\pic\sources\c99\common\sprcadd.c
		___flsub       		CODE           	1684	0000	32
		___fladd       		CODE           	02B2	0000	520

C:\Program Files\Microchip\xc8\v2.41\pic\sources\c99\common\sprcadd.c estimated size: 552

C:\Program Files\Microchip\xc8\v2.41\pic\sources\c99\common\lwdiv.c
		___lwdiv       		CODE           	08D5	0000	61

C:\Program Files\Microchip\xc8\v2.41\pic\sources\c99\common\lwdiv.c estimated size: 61

mcc_generated_files/spi1.c
		_SPI1_Open     		CODE           	0AB1	0000	95
		_SPI1_Initialize		CODE           	1535	0000	20
		_SPI1_ExchangeByte		CODE           	1493	0000	12

mcc_generated_files/spi1.c estimated size: 127

mcc_generated_files/adc.c
		_ADC_DefaultInterruptHandler		CODE           	0002	0000	1
		_ADC_Initialize		CODE           	1523	0000	18
		_ADC_SetInterruptHandler		CODE           	13CA	0000	6
		_ADC_GetConversionResult		CODE           	13C4	0000	6
		_ADC_ISR       		CODE           	14D2	0000	15
		_ADC_SelectChannel		CODE           	14C5	0000	13

mcc_generated_files/adc.c estimated size: 59

C:\Program Files\Microchip\xc8\v2.41\pic\sources\c99\common\doprnt.c
		_vfpfcnvrt     		CODE           	0C42	0000	148
		_pad           		CODE           	178F	0000	56
		_vfprintf      		CODE           	1666	0000	30
		_utoa          		CODE           	077D	0000	124

C:\Program Files\Microchip\xc8\v2.41\pic\sources\c99\common\doprnt.c estimated size: 358

C:\Program Files\Microchip\xc8\v2.41\pic\sources\c99\common\Umul8.c
		___bmul        		CODE           	1549	0000	22

C:\Program Files\Microchip\xc8\v2.41\pic\sources\c99\common\Umul8.c estimated size: 22

PI.c
		_PI_GetSetPoint		CODE           	13A1	0000	3
		_PI_SetSetpoint		CODE           	13BF	0000	5
		_PI            		CODE           	0E20	0000	232
		_PI_GetKi      		CODE           	1501	0000	17
		_PI_GetKp      		CODE           	1512	0000	17
		_PI_SetKi      		CODE           	143A	0000	10
		_PI_SetKp      		CODE           	1444	0000	10

PI.c estimated size: 294

mcc_generated_files/drivers/spi_master.c
		_spi_master_open		CODE           	155F	0000	23
		_MASTER0_open  		CODE           	13B5	0000	5

mcc_generated_files/drivers/spi_master.c estimated size: 28

shared
		__initialization		CODE           	003E	0000	53
		i1_ADC_SelectChannel		CODE           	14AB	0000	13
		_spiMaster     		STRCODE        	0000	0000	0
		_spi1_configuration		STRCODE        	1800	0000	8

shared estimated size: 74

mcc_generated_files/pwm5.c
		_PWM5_LoadDutyValue		CODE           	158F	0000	25
		_PWM5_Initialize		CODE           	147B	0000	12

mcc_generated_files/pwm5.c estimated size: 37

mcc_generated_files/mcc.c
		_WDT_Initialize		CODE           	13AC	0000	4
		_PMD_Initialize		CODE           	13FA	0000	8
		_OSCILLATOR_Initialize		CODE           	146F	0000	12
		_SYSTEM_Initialize		CODE           	170E	0000	37

mcc_generated_files/mcc.c estimated size: 61

ledstrip.c
		_updateLEDstripOranje		CODE           	1649	0000	29
		_Send_LED_StartFrame		CODE           	15DC	0000	26
		_updateLEDstripGroen		CODE           	1611	0000	28
		_Send_LED_EndFrame		CODE           	15F6	0000	27
		_Send_LED_Frame		CODE           	15C2	0000	26
		_initLedStrip  		CODE           	13BA	0000	5
		_updateLEDstripRood		CODE           	162D	0000	28

ledstrip.c estimated size: 169

C:\Program Files\Microchip\xc8\v2.41\pic\sources\c99\common\nf_fputs.c
		_fputs         		CODE           	0800	0000	39

C:\Program Files\Microchip\xc8\v2.41\pic\sources\c99\common\nf_fputs.c estimated size: 39

mcc_generated_files/eusart.c
		_EUSART_SetRxInterruptHandler		CODE           	13E2	0000	6
		_EUSART_SetTxInterruptHandler		CODE           	13E8	0000	6
		_putch         		CODE           	07F9	0000	7
		_EUSART_Read   		CODE           	16EA	0000	36
		_EUSART_DefaultOverrunErrorHandler		CODE           	13A8	0000	4
		_EUSART_Write  		CODE           	1733	0000	39
		_EUSART_DefaultErrorHandler		CODE           	13A4	0000	4
		_EUSART_Transmit_ISR		CODE           	16A4	0000	34
		_EUSART_Initialize		CODE           	0899	0000	60
		_EUSART_SetFramingErrorHandler		CODE           	13D6	0000	6
		_EUSART_SetErrorHandler		CODE           	13D0	0000	6
		_EUSART_SetOverrunErrorHandler		CODE           	13DC	0000	6
		_EUSART_Receive_ISR		CODE           	0827	0000	57
		_EUSART_RxDataHandler		CODE           	1576	0000	25
		_EUSART_DefaultFramingErrorHandler		CODE           	0003	0000	1
		_EUSART_is_rx_ready		CODE           	140A	0000	9

mcc_generated_files/eusart.c estimated size: 306

main.c
		_main          		CODE           	0A53	0000	94

main.c estimated size: 94

C:\Program Files\Microchip\xc8\v2.41\pic\sources\c99\common\sprcmul.c
		___flmul       		CODE           	0077	0000	571

C:\Program Files\Microchip\xc8\v2.41\pic\sources\c99\common\sprcmul.c estimated size: 571

C:\Program Files\Microchip\xc8\v2.41\pic\sources\c99\common\printf.c
		_printf        		CODE           	14E1	0000	16

C:\Program Files\Microchip\xc8\v2.41\pic\sources\c99\common\printf.c estimated size: 16

adcMultiplexer.c
		_getHartslag   		CODE           	1464	0000	11
		_getHoogteSensor		CODE           	144E	0000	11
		_initAdcMultiplexer		CODE           	1487	0000	12
		_adcConversionDoneHandler		CODE           	17C7	0000	57
		_getPotentiometer		CODE           	1459	0000	11

adcMultiplexer.c estimated size: 102

C:\Program Files\Microchip\xc8\v2.41\pic\sources\c99\common\sprcdiv.c
		___fldiv       		CODE           	04BA	0000	426

C:\Program Files\Microchip\xc8\v2.41\pic\sources\c99\common\sprcdiv.c estimated size: 426

C:\Program Files\Microchip\xc8\v2.41\pic\sources\c99\common\lwmod.c
		___lwmod       		CODE           	175A	0000	53

C:\Program Files\Microchip\xc8\v2.41\pic\sources\c99\common\lwmod.c estimated size: 53

